---
http_interactions:
- request:
    method: get
    uri: http://en.wikipedia.org/w/api.php?action=query&continue=&format=json&list=search&srinfo=totalhits&srlimit=50&srnamespace=0&sroffset=0&srprop=timestamp&srsearch=%2210.1371/journal.pone.0008776%22%20OR%20%22http://journals.plos.org/plosone/article?id=10.1371/journal.pone.0008776%22&srwhat=text
    body:
      encoding: US-ASCII
      string: ''
    headers:
      User-Agent:
      - Lagotto 3.17 - http://lagotto-bugfixes.local
      Accept:
      - application/json
  response:
    status:
      code: 200
      message: ''
    headers:
      Server:
      - Apache
      X-Powered-By:
      - HHVM/3.3.1
      Cache-Control:
      - private
      X-Content-Type-Options:
      - nosniff
      X-Frame-Options:
      - SAMEORIGIN
      Vary:
      - Accept-Encoding,X-Forwarded-Proto,Cookie
      Content-Type:
      - application/json; charset=utf-8
      X-Varnish:
      - 3422076907, 2082225525, 2313814682
      Via:
      - 1.1 varnish, 1.1 varnish, 1.1 varnish
      Date:
      - Wed, 25 Feb 2015 07:22:45 GMT
      Age:
      - '0'
      Connection:
      - keep-alive
      X-Cache:
      - cp1068 miss (0), amssq40 miss (0), amssq53 frontend miss (0)
      Set-Cookie:
      - GeoIP=DE:Hanover:52.3751:9.7094:v4; Path=/; Domain=.wikipedia.org:80
    body:
      encoding: UTF-8
      string: '{"continue":{"sroffset":50,"continue":"-||"},"batchcomplete":"","query":{"searchinfo":{"totalhits":678},"search":[{"ns":0,"title":"Lobatus
        costatus","timestamp":"2013-03-21T09:51:18Z"},{"ns":0,"title":"Bostrycapulus
        aculeatus","timestamp":"2013-03-08T13:55:56Z"},{"ns":0,"title":"Crepidula
        convexa","timestamp":"2014-11-27T01:17:57Z"},{"ns":0,"title":"Polinices lacteus","timestamp":"2014-09-12T00:23:45Z"},{"ns":0,"title":"Tectonatica
        impervia","timestamp":"2013-10-05T01:28:53Z"},{"ns":0,"title":"Ranularia cynocephalum","timestamp":"2014-12-29T20:32:00Z"},{"ns":0,"title":"Moelleriopsis
        poppei","timestamp":"2014-10-22T15:02:23Z"},{"ns":0,"title":"Janthina exigua","timestamp":"2013-07-26T17:22:56Z"},{"ns":0,"title":"Janthina
        globosa","timestamp":"2013-03-08T13:21:18Z"},{"ns":0,"title":"Zebina browniana","timestamp":"2014-12-31T15:37:26Z"},{"ns":0,"title":"Phosinella
        cancellata","timestamp":"2014-08-07T10:21:06Z"},{"ns":0,"title":"Crepidula
        margarita","timestamp":"2014-10-12T04:28:19Z"},{"ns":0,"title":"Cerithideopsis
        scalariformis","timestamp":"2014-04-05T16:58:29Z"},{"ns":0,"title":"Modulus
        modulus","timestamp":"2013-04-04T12:34:43Z"},{"ns":0,"title":"Eumetula arctica","timestamp":"2013-03-07T17:44:32Z"},{"ns":0,"title":"Dolabrifera
        dolabrifera","timestamp":"2015-01-25T08:58:06Z"},{"ns":0,"title":"Cerithideopsis
        costata","timestamp":"2015-01-16T05:25:13Z"},{"ns":0,"title":"Probythinella
        protera","timestamp":"2013-03-08T15:20:03Z"},{"ns":0,"title":"Janthina pallida","timestamp":"2013-07-26T17:19:05Z"},{"ns":0,"title":"Velutina
        velutina","timestamp":"2013-07-27T12:54:53Z"},{"ns":0,"title":"Cerithium atratum","timestamp":"2013-03-08T13:20:33Z"},{"ns":0,"title":"Hypselodoris
        marci","timestamp":"2013-02-24T06:21:56Z"},{"ns":0,"title":"Caecum cycloferum","timestamp":"2013-03-08T15:13:52Z"},{"ns":0,"title":"Semicassis
        labiata","timestamp":"2013-09-26T17:48:39Z"},{"ns":0,"title":"Littoraria angulifera","timestamp":"2013-03-11T05:27:08Z"},{"ns":0,"title":"King
        helmet","timestamp":"2014-10-11T19:04:25Z"},{"ns":0,"title":"Sinum perspectivum","timestamp":"2013-03-08T14:32:35Z"},{"ns":0,"title":"Macleaniella
        moskalevi","timestamp":"2012-05-30T19:22:39Z"},{"ns":0,"title":"Lunatia levicula","timestamp":"2013-08-18T02:39:33Z"},{"ns":0,"title":"Cerithium
        lutosum","timestamp":"2013-03-08T13:21:50Z"},{"ns":0,"title":"Cassis madagascariensis","timestamp":"2014-05-17T12:15:53Z"},{"ns":0,"title":"Conus
        mcgintyi","timestamp":"2013-04-06T08:52:59Z"},{"ns":0,"title":"Echinolittorina
        mespillum","timestamp":"2013-12-24T01:20:41Z"},{"ns":0,"title":"Cerithiopsis
        academicorum","timestamp":"2013-03-21T20:39:33Z"},{"ns":0,"title":"Pedicularia
        decussata","timestamp":"2013-07-14T23:47:39Z"},{"ns":0,"title":"Thaleia nisonis","timestamp":"2014-12-28T15:56:44Z"},{"ns":0,"title":"Coccopigya
        spinigera","timestamp":"2013-03-08T02:42:43Z"},{"ns":0,"title":"Provanna sculpta","timestamp":"2013-12-23T08:29:24Z"},{"ns":0,"title":"Natica
        livida","timestamp":"2013-03-08T14:28:22Z"},{"ns":0,"title":"Cerithium eburneum","timestamp":"2013-03-08T13:20:46Z"},{"ns":0,"title":"Risbecia
        nyalya","timestamp":"2013-04-27T02:00:21Z"},{"ns":0,"title":"Monoplex parthenopeus","timestamp":"2013-08-17T23:49:04Z"},{"ns":0,"title":"Eucorys
        barbouri","timestamp":"2015-02-17T20:32:17Z"},{"ns":0,"title":"Pusula pediculus","timestamp":"2013-11-26T15:33:16Z"},{"ns":0,"title":"Felimare
        acriba","timestamp":"2014-12-12T17:26:16Z"},{"ns":0,"title":"Aphelodoris antillensis","timestamp":"2013-04-04T12:00:29Z"},{"ns":0,"title":"Mirarissoina
        bermudezi","timestamp":"2014-08-07T10:20:48Z"},{"ns":0,"title":"Retilaskeya
        bicolor","timestamp":"2014-12-03T21:54:57Z"},{"ns":0,"title":"Tectonatica
        pusilla","timestamp":"2013-10-05T01:29:50Z"},{"ns":0,"title":"Littoraria tessellata","timestamp":"2013-03-08T13:56:57Z"}]}}'
    http_version: 
  recorded_at: Wed, 25 Feb 2015 07:22:47 GMT
- request:
    method: get
    uri: http://en.wikipedia.org/w/api.php?action=query&continue=-%7C%7C&format=json&list=search&srinfo=totalhits&srlimit=50&srnamespace=0&sroffset=50&srprop=timestamp&srsearch=%2210.1371/journal.pone.0008776%22%20OR%20%22http://journals.plos.org/plosone/article?id=10.1371/journal.pone.0008776%22&srwhat=text
    body:
      encoding: US-ASCII
      string: ''
    headers:
      User-Agent:
      - Lagotto 3.17 - http://lagotto-bugfixes.local
      Accept:
      - application/json
  response:
    status:
      code: 200
      message: ''
    headers:
      Server:
      - Apache
      X-Powered-By:
      - HHVM/3.3.1
      Cache-Control:
      - private
      X-Content-Type-Options:
      - nosniff
      X-Frame-Options:
      - SAMEORIGIN
      Vary:
      - Accept-Encoding,X-Forwarded-Proto,Cookie
      Content-Type:
      - application/json; charset=utf-8
      X-Varnish:
      - 3422077868, 2774423060, 1838544910
      Via:
      - 1.1 varnish, 1.1 varnish, 1.1 varnish
      Date:
      - Wed, 25 Feb 2015 07:22:46 GMT
      Age:
      - '0'
      Connection:
      - keep-alive
      X-Cache:
      - cp1068 miss (0), amssq44 miss (0), amssq31 frontend miss (0)
      Set-Cookie:
      - GeoIP=DE:Hanover:52.3751:9.7094:v4; Path=/; Domain=.wikipedia.org:80
    body:
      encoding: UTF-8
      string: '{"continue":{"sroffset":100,"continue":"-||"},"batchcomplete":"","query":{"searchinfo":{"totalhits":678},"search":[{"ns":0,"title":"Cerithium
        muscarum","timestamp":"2015-01-16T03:17:18Z"},{"ns":0,"title":"Cocculina messingi","timestamp":"2013-08-10T14:25:28Z"},{"ns":0,"title":"Cylindrobulla
        gigas","timestamp":"2014-01-26T16:40:04Z"},{"ns":0,"title":"Atlanta pulchella","timestamp":"2013-03-08T15:26:48Z"},{"ns":0,"title":"Natica
        marochiensis","timestamp":"2013-03-08T00:17:16Z"},{"ns":0,"title":"Felimare
        zebra","timestamp":"2013-10-06T13:34:39Z"},{"ns":0,"title":"Calliostoma cubense","timestamp":"2013-12-23T07:52:09Z"},{"ns":0,"title":"Schwartziella
        floridana","timestamp":"2014-08-07T10:31:11Z"},{"ns":0,"title":"Cerithiopsis
        pseudomovilla","timestamp":"2013-03-21T21:51:57Z"},{"ns":0,"title":"Cerithiella
        astrolabiensis","timestamp":"2013-08-17T16:31:38Z"},{"ns":0,"title":"Cerithiopsis
        lata","timestamp":"2013-03-07T17:42:11Z"},{"ns":0,"title":"Cerithium litteratum","timestamp":"2013-03-08T13:21:37Z"},{"ns":0,"title":"Calliostoma
        dentatum","timestamp":"2013-12-23T07:52:23Z"},{"ns":0,"title":"Rissoina multicostata","timestamp":"2014-11-25T16:57:13Z"},{"ns":0,"title":"Amauropsis
        aureolutea","timestamp":"2013-05-26T03:39:59Z"},{"ns":0,"title":"Cerithiopsis
        vinca","timestamp":"2013-03-21T22:06:51Z"},{"ns":0,"title":"Cerithiopsis vanhyningi","timestamp":"2013-03-07T17:39:25Z"},{"ns":0,"title":"Cerithiopsis
        portoi","timestamp":"2013-03-21T21:51:34Z"},{"ns":0,"title":"Cerithiella amblytera","timestamp":"2013-03-21T23:08:11Z"},{"ns":0,"title":"Sinum
        minus","timestamp":"2013-03-08T14:32:22Z"},{"ns":0,"title":"Calliostoma atlantis","timestamp":"2013-12-23T07:49:49Z"},{"ns":0,"title":"Cerithiopsis
        merida","timestamp":"2013-03-07T17:43:28Z"},{"ns":0,"title":"Cerithiopsis
        sigsbeana","timestamp":"2013-03-21T21:52:52Z"},{"ns":0,"title":"Cerithiopsis
        prieguei","timestamp":"2013-03-21T21:51:53Z"},{"ns":0,"title":"Benthonellania
        acuticostata","timestamp":"2013-03-08T14:59:55Z"},{"ns":0,"title":"Schwartziella
        catesbyana","timestamp":"2014-08-07T10:26:00Z"},{"ns":0,"title":"Cerithiopsis
        vitrea","timestamp":"2013-03-21T21:48:32Z"},{"ns":0,"title":"Cerithiopsis
        warmkae","timestamp":"2013-03-21T21:48:59Z"},{"ns":0,"title":"Eumetula pulla","timestamp":"2013-03-21T22:00:56Z"},{"ns":0,"title":"Cheilea
        equestris","timestamp":"2014-10-12T06:21:04Z"},{"ns":0,"title":"Eumetula michaelseni","timestamp":"2013-03-21T22:00:49Z"},{"ns":0,"title":"Bathysciadium
        costulatum","timestamp":"2013-02-08T19:53:18Z"},{"ns":0,"title":"Schwartziella
        bryerea","timestamp":"2014-11-25T16:05:12Z"},{"ns":0,"title":"Calliostoma
        barbouri","timestamp":"2013-12-23T07:50:11Z"},{"ns":0,"title":"Cerithiella
        seymouriana","timestamp":"2013-08-17T16:23:50Z"},{"ns":0,"title":"Cerithiopsis
        magellanica","timestamp":"2013-03-21T21:44:05Z"},{"ns":0,"title":"Cerithiopsis
        leipha","timestamp":"2013-03-07T17:42:24Z"},{"ns":0,"title":"Cerithiopsis
        vicola","timestamp":"2013-03-07T17:39:37Z"},{"ns":0,"title":"Cerithiopsis
        serina","timestamp":"2013-03-07T17:49:26Z"},{"ns":0,"title":"Cerithiopsis
        petala","timestamp":"2013-03-07T17:42:26Z"},{"ns":0,"title":"Cocculina fenestrata","timestamp":"2012-05-30T07:13:19Z"},{"ns":0,"title":"Cerithium
        guinaicum","timestamp":"2013-03-08T13:20:58Z"},{"ns":0,"title":"Calliostoma
        bigelowi","timestamp":"2013-12-23T07:50:34Z"},{"ns":0,"title":"Provanna admetoides","timestamp":"2013-12-23T08:28:47Z"},{"ns":0,"title":"Rissoina
        krebsii","timestamp":"2014-08-12T16:26:40Z"},{"ns":0,"title":"Cerithiopsis
        matara","timestamp":"2013-03-21T21:44:09Z"},{"ns":0,"title":"Eumetula strebeli","timestamp":"2014-12-08T16:31:41Z"},{"ns":0,"title":"Margarella
        antarctica","timestamp":"2013-12-23T08:23:54Z"},{"ns":0,"title":"Littoraria
        irrorata","timestamp":"2013-09-09T12:22:56Z"},{"ns":0,"title":"Littorina fabalis","timestamp":"2013-07-26T18:02:40Z"}]}}'
    http_version: 
  recorded_at: Wed, 25 Feb 2015 07:22:47 GMT
- request:
    method: get
    uri: http://en.wikipedia.org/w/api.php?action=query&continue=-%7C%7C&format=json&list=search&srinfo=totalhits&srlimit=50&srnamespace=0&sroffset=100&srprop=timestamp&srsearch=%2210.1371/journal.pone.0008776%22%20OR%20%22http://journals.plos.org/plosone/article?id=10.1371/journal.pone.0008776%22&srwhat=text
    body:
      encoding: US-ASCII
      string: ''
    headers:
      User-Agent:
      - Lagotto 3.17 - http://lagotto-bugfixes.local
      Accept:
      - application/json
  response:
    status:
      code: 200
      message: ''
    headers:
      Server:
      - Apache
      X-Powered-By:
      - HHVM/3.3.1
      Cache-Control:
      - private
      X-Content-Type-Options:
      - nosniff
      X-Frame-Options:
      - SAMEORIGIN
      Vary:
      - Accept-Encoding,X-Forwarded-Proto,Cookie
      Content-Type:
      - application/json; charset=utf-8
      X-Varnish:
      - 3313797899, 3018492639, 2374270528
      Via:
      - 1.1 varnish, 1.1 varnish, 1.1 varnish
      Date:
      - Wed, 25 Feb 2015 07:22:46 GMT
      Age:
      - '0'
      Connection:
      - keep-alive
      X-Cache:
      - cp1055 miss (0), amssq51 miss (0), amssq34 frontend miss (0)
      Set-Cookie:
      - GeoIP=DE:Hanover:52.3751:9.7094:v4; Path=/; Domain=.wikipedia.org:80
    body:
      encoding: UTF-8
      string: '{"continue":{"sroffset":150,"continue":"-||"},"batchcomplete":"","query":{"searchinfo":{"totalhits":678},"search":[{"ns":0,"title":"Zebinella
        decussata","timestamp":"2013-06-08T08:37:44Z"},{"ns":0,"title":"Bittiolum
        varium","timestamp":"2013-03-08T13:17:50Z"},{"ns":0,"title":"Cryptonatica
        affinis","timestamp":"2013-03-08T14:55:01Z"},{"ns":0,"title":"Cymatium femorale","timestamp":"2013-03-08T14:56:32Z"},{"ns":0,"title":"Conus
        granulatus","timestamp":"2013-04-07T08:55:47Z"},{"ns":0,"title":"Neverita
        duplicata","timestamp":"2015-01-03T05:25:23Z"},{"ns":0,"title":"Truncatella
        pulchella","timestamp":"2013-03-08T15:58:56Z"},{"ns":0,"title":"Calyptraea
        centralis","timestamp":"2013-03-08T13:56:10Z"},{"ns":0,"title":"Bittiolum
        alternatum","timestamp":"2013-03-08T13:17:37Z"},{"ns":0,"title":"Felimida
        clenchi","timestamp":"2013-10-06T13:34:46Z"},{"ns":0,"title":"Lobatus raninus","timestamp":"2014-11-02T08:10:21Z"},{"ns":0,"title":"Bursatella
        leachii","timestamp":"2013-03-07T05:42:20Z"},{"ns":0,"title":"Strombus alatus","timestamp":"2014-07-24T15:44:37Z"},{"ns":0,"title":"Tenagodus
        barbadensis","timestamp":"2014-10-08T04:14:34Z"},{"ns":0,"title":"Alaba incerta","timestamp":"2014-12-16T16:46:35Z"},{"ns":0,"title":"Chromodoris
        grahami","timestamp":"2012-05-30T06:53:19Z"},{"ns":0,"title":"Cerithiella
        axicostulata","timestamp":"2013-03-21T23:09:10Z"},{"ns":0,"title":"Cerithiopsis
        fuscoflava","timestamp":"2013-03-21T21:05:50Z"},{"ns":0,"title":"Cerithiopsis
        eliza","timestamp":"2013-03-07T16:44:19Z"},{"ns":0,"title":"Cerithiopsis iota","timestamp":"2013-03-07T17:25:47Z"},{"ns":0,"title":"Spurwinkia
        salsa","timestamp":"2014-11-16T14:16:04Z"},{"ns":0,"title":"Solariella multirestis","timestamp":"2013-12-11T02:48:14Z"},{"ns":0,"title":"Rissoina
        redferni","timestamp":"2014-08-07T10:23:35Z"},{"ns":0,"title":"Cerithiella
        martensii","timestamp":"2013-03-21T23:11:47Z"},{"ns":0,"title":"Cerithiopsis
        honora","timestamp":"2013-03-07T17:24:41Z"},{"ns":0,"title":"Cerithiopsis
        dominguezi","timestamp":"2013-03-21T21:09:01Z"},{"ns":0,"title":"Cerithiopsis
        fusiformis","timestamp":"2013-03-07T16:47:17Z"},{"ns":0,"title":"Texadina
        barretti","timestamp":"2015-02-20T15:44:59Z"},{"ns":0,"title":"Caecum multicostatum","timestamp":"2013-03-21T11:58:10Z"},{"ns":0,"title":"Cerithiopsis
        argentea","timestamp":"2013-06-29T14:23:04Z"},{"ns":0,"title":"Cerithiella
        producta","timestamp":"2013-03-08T14:03:18Z"},{"ns":0,"title":"Stosicia houbricki","timestamp":"2013-06-11T14:27:10Z"},{"ns":0,"title":"Schwartziella
        fischeri","timestamp":"2014-08-07T10:31:07Z"},{"ns":0,"title":"Schwartziella
        chesnelii","timestamp":"2014-08-07T10:26:03Z"},{"ns":0,"title":"Cerithiopsis
        apicina","timestamp":"2013-03-21T20:40:55Z"},{"ns":0,"title":"Cerithiopsis
        docata","timestamp":"2013-03-07T16:43:53Z"},{"ns":0,"title":"Cerithiopsis
        cruzana","timestamp":"2013-03-21T20:41:28Z"},{"ns":0,"title":"Cerithiopsis
        aralia","timestamp":"2013-03-21T20:41:38Z"},{"ns":0,"title":"Cerithiopsis
        gemmulosa","timestamp":"2013-03-07T17:20:13Z"},{"ns":0,"title":"Cerithiopsis
        greenii","timestamp":"2013-03-07T17:26:46Z"},{"ns":0,"title":"Cerithiella
        enodis","timestamp":"2013-03-21T23:09:45Z"},{"ns":0,"title":"Velutina plicatilis","timestamp":"2013-07-27T12:57:45Z"},{"ns":0,"title":"Meioceras
        nitidum","timestamp":"2013-03-21T12:03:06Z"},{"ns":0,"title":"Niveria maltbiana","timestamp":"2013-03-08T15:00:10Z"},{"ns":0,"title":"Lunatia
        triseriata","timestamp":"2013-03-08T14:24:26Z"},{"ns":0,"title":"Conus mazei","timestamp":"2014-10-26T22:13:42Z"},{"ns":0,"title":"Xenophora
        conchyliophora","timestamp":"2014-06-16T13:27:45Z"},{"ns":0,"title":"Crucibulum
        auricula","timestamp":"2013-03-08T13:57:34Z"},{"ns":0,"title":"Trilirata macmurdensis","timestamp":"2014-12-08T16:33:19Z"},{"ns":0,"title":"Falsilunatia
        benthicola","timestamp":"2013-03-21T09:11:08Z"}]}}'
    http_version: 
  recorded_at: Wed, 25 Feb 2015 07:22:48 GMT
- request:
    method: get
    uri: http://en.wikipedia.org/w/api.php?action=query&continue=-%7C%7C&format=json&list=search&srinfo=totalhits&srlimit=50&srnamespace=0&sroffset=150&srprop=timestamp&srsearch=%2210.1371/journal.pone.0008776%22%20OR%20%22http://journals.plos.org/plosone/article?id=10.1371/journal.pone.0008776%22&srwhat=text
    body:
      encoding: US-ASCII
      string: ''
    headers:
      User-Agent:
      - Lagotto 3.17 - http://lagotto-bugfixes.local
      Accept:
      - application/json
  response:
    status:
      code: 200
      message: ''
    headers:
      Server:
      - Apache
      X-Powered-By:
      - HHVM/3.3.1
      Cache-Control:
      - private
      X-Content-Type-Options:
      - nosniff
      X-Frame-Options:
      - SAMEORIGIN
      Vary:
      - Accept-Encoding,X-Forwarded-Proto,Cookie
      Content-Type:
      - application/json; charset=utf-8
      X-Varnish:
      - 3313798464, 2082225983, 1395452556
      Via:
      - 1.1 varnish, 1.1 varnish, 1.1 varnish
      Date:
      - Wed, 25 Feb 2015 07:22:47 GMT
      Age:
      - '0'
      Connection:
      - keep-alive
      X-Cache:
      - cp1055 miss (0), amssq40 miss (0), amssq50 frontend miss (0)
      Set-Cookie:
      - GeoIP=DE:Hanover:52.3751:9.7094:v4; Path=/; Domain=.wikipedia.org:80
    body:
      encoding: UTF-8
      string: '{"continue":{"sroffset":200,"continue":"-||"},"batchcomplete":"","query":{"searchinfo":{"totalhits":678},"search":[{"ns":0,"title":"Lunatia
        triseriata","timestamp":"2013-03-08T14:24:26Z"},{"ns":0,"title":"Meioceras
        nitidum","timestamp":"2013-03-21T12:03:06Z"},{"ns":0,"title":"Flamingo tongue
        snail","timestamp":"2013-12-10T16:55:15Z"},{"ns":0,"title":"Oocorys sulcata","timestamp":"2013-03-08T14:59:03Z"},{"ns":0,"title":"Ailinzebina
        elegantissima","timestamp":"2014-08-07T10:19:08Z"},{"ns":0,"title":"Echinolittorina
        ziczac","timestamp":"2013-04-07T18:11:25Z"},{"ns":0,"title":"Turbo haraldi","timestamp":"2014-10-10T03:15:32Z"},{"ns":0,"title":"Tonna
        pennata","timestamp":"2013-06-25T13:19:03Z"},{"ns":0,"title":"Lobatus gallus","timestamp":"2014-11-02T08:42:35Z"},{"ns":0,"title":"Margarella
        whiteana","timestamp":"2013-12-23T08:24:51Z"},{"ns":0,"title":"Schwartziella
        bouryi","timestamp":"2014-08-07T10:25:26Z"},{"ns":0,"title":"Cerithiella macroura","timestamp":"2013-03-21T23:10:30Z"},{"ns":0,"title":"Eumetula
        dilecta","timestamp":"2014-12-08T16:31:38Z"},{"ns":0,"title":"Cerithiopsis
        guitarti","timestamp":"2013-03-21T21:19:41Z"},{"ns":0,"title":"Cerithiopsis
        acontium","timestamp":"2013-03-21T20:39:51Z"},{"ns":0,"title":"Solariella
        carvalhoi","timestamp":"2013-12-04T09:48:47Z"},{"ns":0,"title":"Lamellitrochus
        carinatus","timestamp":"2013-12-23T08:08:12Z"},{"ns":0,"title":"Cerithiopsis
        althea","timestamp":"2013-03-07T16:47:51Z"},{"ns":0,"title":"Horologica cubensis","timestamp":"2013-03-21T23:46:49Z"},{"ns":0,"title":"Cerithiopsis
        decora","timestamp":"2013-03-21T21:08:47Z"},{"ns":0,"title":"Cerithiopsis
        georgiana","timestamp":"2013-03-21T20:52:03Z"},{"ns":0,"title":"Cerithiopsis
        elsa","timestamp":"2013-03-07T16:44:43Z"},{"ns":0,"title":"Syphonota geographica","timestamp":"2013-10-05T18:43:20Z"},{"ns":0,"title":"Conus
        centurio","timestamp":"2013-03-08T03:03:07Z"},{"ns":0,"title":"Naticarius
        canrena","timestamp":"2013-03-08T14:29:07Z"},{"ns":0,"title":"Amauropsis islandica","timestamp":"2013-07-27T12:22:20Z"},{"ns":0,"title":"Boreocingula
        globulus","timestamp":"2013-03-08T15:00:35Z"},{"ns":0,"title":"Bursa granularis","timestamp":"2013-09-16T21:08:16Z"},{"ns":0,"title":"Solariella
        cristata","timestamp":"2014-01-08T13:06:37Z"},{"ns":0,"title":"Rissoina dyscrita","timestamp":"2014-08-07T10:22:22Z"},{"ns":0,"title":"Alvania
        scrobiculata","timestamp":"2013-03-21T12:06:46Z"},{"ns":0,"title":"Texadina
        sphinctostoma","timestamp":"2015-02-21T06:59:58Z"},{"ns":0,"title":"Cerithiopsis
        flava","timestamp":"2013-03-07T16:47:05Z"},{"ns":0,"title":"Cerithiopsis aimen","timestamp":"2013-03-21T20:39:56Z"},{"ns":0,"title":"Cerithiopsis
        elima","timestamp":"2013-03-07T16:44:06Z"},{"ns":0,"title":"Ranella olearium","timestamp":"2013-08-18T00:02:42Z"},{"ns":0,"title":"Ficus
        pellucida","timestamp":"2015-02-10T16:01:46Z"},{"ns":0,"title":"Felimare ruthae","timestamp":"2013-10-06T13:34:24Z"},{"ns":0,"title":"Serpulorbis
        decussatus","timestamp":"2013-03-08T15:02:41Z"},{"ns":0,"title":"Sigatica
        semisulcata","timestamp":"2013-03-08T14:31:45Z"},{"ns":0,"title":"Lunatia
        fringilla","timestamp":"2013-03-08T14:46:46Z"},{"ns":0,"title":"Tectarius
        antonii","timestamp":"2013-03-08T13:58:47Z"},{"ns":0,"title":"Eatoniella caliginosa","timestamp":"2014-09-12T17:35:49Z"},{"ns":0,"title":"Crepidula
        cachimilla","timestamp":"2013-03-21T08:18:06Z"},{"ns":0,"title":"Frovina indecora","timestamp":"2014-12-08T16:32:04Z"},{"ns":0,"title":"Fossarus
        ambiguus","timestamp":"2013-03-30T01:34:54Z"},{"ns":0,"title":"Propustularia
        surinamensis","timestamp":"2013-03-08T13:57:46Z"},{"ns":0,"title":"Eatoniella
        glacialis","timestamp":"2014-09-12T17:35:58Z"},{"ns":0,"title":"Niveria brasilica","timestamp":"2013-03-21T10:33:53Z"},{"ns":0,"title":"Cymatium
        mundum","timestamp":"2013-07-14T23:49:48Z"}]}}'
    http_version: 
  recorded_at: Wed, 25 Feb 2015 07:22:48 GMT
- request:
    method: get
    uri: http://en.wikipedia.org/w/api.php?action=query&continue=-%7C%7C&format=json&list=search&srinfo=totalhits&srlimit=50&srnamespace=0&sroffset=200&srprop=timestamp&srsearch=%2210.1371/journal.pone.0008776%22%20OR%20%22http://journals.plos.org/plosone/article?id=10.1371/journal.pone.0008776%22&srwhat=text
    body:
      encoding: US-ASCII
      string: ''
    headers:
      User-Agent:
      - Lagotto 3.17 - http://lagotto-bugfixes.local
      Accept:
      - application/json
  response:
    status:
      code: 200
      message: ''
    headers:
      Server:
      - Apache
      X-Powered-By:
      - HHVM/3.3.1
      Cache-Control:
      - private
      X-Content-Type-Options:
      - nosniff
      X-Frame-Options:
      - SAMEORIGIN
      Vary:
      - Accept-Encoding,X-Forwarded-Proto,Cookie
      Content-Type:
      - application/json; charset=utf-8
      X-Varnish:
      - 4173316479, 2990459039, 1464771470
      Via:
      - 1.1 varnish, 1.1 varnish, 1.1 varnish
      Date:
      - Wed, 25 Feb 2015 07:22:47 GMT
      Age:
      - '0'
      Connection:
      - keep-alive
      X-Cache:
      - cp1053 miss (0), amssq45 miss (0), amssq55 frontend miss (0)
      Set-Cookie:
      - GeoIP=DE:Hanover:52.3751:9.7094:v4; Path=/; Domain=.wikipedia.org:80
    body:
      encoding: UTF-8
      string: '{"continue":{"sroffset":250,"continue":"-||"},"batchcomplete":"","query":{"searchinfo":{"totalhits":678},"search":[{"ns":0,"title":"Eatoniella
        caliginosa","timestamp":"2014-09-12T17:35:49Z"},{"ns":0,"title":"Crepidula
        cachimilla","timestamp":"2013-03-21T08:18:06Z"},{"ns":0,"title":"Frovina indecora","timestamp":"2014-12-08T16:32:04Z"},{"ns":0,"title":"Crepidula
        carioca","timestamp":"2013-03-21T08:18:34Z"},{"ns":0,"title":"Bursa ranelloides","timestamp":"2013-03-08T14:53:44Z"},{"ns":0,"title":"Alvania
        colombiana","timestamp":"2013-03-21T12:21:08Z"},{"ns":0,"title":"Echinolittorina
        miliaris","timestamp":"2013-03-21T08:36:39Z"},{"ns":0,"title":"Crepidula intratesta","timestamp":"2013-03-21T08:19:03Z"},{"ns":0,"title":"Lacuna
        crassior","timestamp":"2013-07-26T18:21:16Z"},{"ns":0,"title":"Melampus bidentatus","timestamp":"2012-11-05T19:33:05Z"},{"ns":0,"title":"Crepidula
        maculosa","timestamp":"2013-03-08T13:57:05Z"},{"ns":0,"title":"Synaptocochlea
        picta","timestamp":"2014-04-05T09:10:24Z"},{"ns":0,"title":"Monoplex trigonus","timestamp":"2013-03-21T09:56:03Z"},{"ns":0,"title":"Carinaria
        lamarckii","timestamp":"2013-06-16T19:39:13Z"},{"ns":0,"title":"Tantulum elegans","timestamp":"2012-09-29T23:02:59Z"},{"ns":0,"title":"Monoplex
        nicobaricus","timestamp":"2014-04-07T15:21:10Z"},{"ns":0,"title":"Lithopoma
        tectum","timestamp":"2014-08-26T13:40:35Z"},{"ns":0,"title":"Aeolidia papillosa","timestamp":"2014-08-23T23:32:37Z"},{"ns":0,"title":"Dolichupis
        virgo","timestamp":"2013-03-21T10:32:55Z"},{"ns":0,"title":"Onoba georgiana","timestamp":"2015-01-02T19:59:49Z"},{"ns":0,"title":"Littoraria
        flava","timestamp":"2014-08-12T16:18:19Z"},{"ns":0,"title":"Crepidula pyguaia","timestamp":"2013-03-21T08:19:23Z"},{"ns":0,"title":"Onoba
        aculeus","timestamp":"2015-01-25T14:46:03Z"},{"ns":0,"title":"Gutturnium muricinum","timestamp":"2013-04-21T00:48:17Z"},{"ns":0,"title":"Neverita
        delessertiana","timestamp":"2013-03-21T09:26:52Z"},{"ns":0,"title":"Cleotrivia
        antillarum","timestamp":"2013-03-08T15:00:52Z"},{"ns":0,"title":"Niveria nix","timestamp":"2013-03-08T14:59:30Z"},{"ns":0,"title":"Cerithideopsis
        pliculosa","timestamp":"2015-02-07T01:13:45Z"},{"ns":0,"title":"Felimida binza","timestamp":"2013-10-06T13:34:43Z"},{"ns":0,"title":"Laevilitorina
        wandelensis","timestamp":"2013-03-21T08:53:51Z"},{"ns":0,"title":"Eucorys
        bartschi","timestamp":"2013-03-08T14:58:25Z"},{"ns":0,"title":"Bostrycapulus
        odites","timestamp":"2013-03-21T08:16:54Z"},{"ns":0,"title":"Conus amphiurgus","timestamp":"2013-04-07T08:53:21Z"},{"ns":0,"title":"Luria
        cinerea","timestamp":"2013-03-08T13:57:04Z"},{"ns":0,"title":"Sinum maculatum","timestamp":"2013-03-08T14:32:09Z"},{"ns":0,"title":"Notocochlis
        guesti","timestamp":"2013-03-21T09:19:46Z"},{"ns":0,"title":"Falsilunatia
        carcellesi","timestamp":"2013-03-21T09:11:12Z"},{"ns":0,"title":"Zebinella
        princeps","timestamp":"2014-07-15T17:03:51Z"},{"ns":0,"title":"Fossarus elegans","timestamp":"2014-09-03T15:03:02Z"},{"ns":0,"title":"Capulus
        ungaricus","timestamp":"2015-02-21T08:33:17Z"},{"ns":0,"title":"Cerithiella
        metula","timestamp":"2013-07-27T08:50:45Z"},{"ns":0,"title":"Amphiplica plutonica","timestamp":"2013-07-12T19:01:18Z"},{"ns":0,"title":"Cylindrobulla
        beauii","timestamp":"2013-03-08T13:16:13Z"},{"ns":0,"title":"Janthina umbilicata","timestamp":"2012-06-02T07:58:36Z"},{"ns":0,"title":"Pseudococculina
        rimula","timestamp":"2013-02-16T13:24:51Z"},{"ns":0,"title":"Macromphalina
        jibacoa","timestamp":"2014-01-15T12:14:16Z"},{"ns":0,"title":"Cerithiopsis
        ara","timestamp":"2013-03-07T16:48:04Z"},{"ns":0,"title":"Copulabyssia riosi","timestamp":"2013-03-21T05:18:01Z"},{"ns":0,"title":"Kaiparapelta
        askewi","timestamp":"2013-03-08T03:05:29Z"},{"ns":0,"title":"Conus jaspideus","timestamp":"2013-03-21T04:14:57Z"}]}}'
    http_version: 
  recorded_at: Wed, 25 Feb 2015 07:22:49 GMT
- request:
    method: get
    uri: http://en.wikipedia.org/w/api.php?action=query&continue=-%7C%7C&format=json&list=search&srinfo=totalhits&srlimit=50&srnamespace=0&sroffset=250&srprop=timestamp&srsearch=%2210.1371/journal.pone.0008776%22%20OR%20%22http://journals.plos.org/plosone/article?id=10.1371/journal.pone.0008776%22&srwhat=text
    body:
      encoding: US-ASCII
      string: ''
    headers:
      User-Agent:
      - Lagotto 3.17 - http://lagotto-bugfixes.local
      Accept:
      - application/json
  response:
    status:
      code: 200
      message: ''
    headers:
      Server:
      - Apache
      X-Powered-By:
      - HHVM/3.3.1
      Cache-Control:
      - private
      X-Content-Type-Options:
      - nosniff
      X-Frame-Options:
      - SAMEORIGIN
      Vary:
      - Accept-Encoding,X-Forwarded-Proto,Cookie
      Content-Type:
      - application/json; charset=utf-8
      X-Varnish:
      - 3051079738, 2774423625, 1159122526
      Via:
      - 1.1 varnish, 1.1 varnish, 1.1 varnish
      Date:
      - Wed, 25 Feb 2015 07:22:47 GMT
      Age:
      - '0'
      Connection:
      - keep-alive
      X-Cache:
      - cp1052 miss (0), amssq44 miss (0), amssq54 frontend miss (0)
      Set-Cookie:
      - GeoIP=DE:Hanover:52.3751:9.7094:v4; Path=/; Domain=.wikipedia.org:80
    body:
      encoding: UTF-8
      string: '{"continue":{"sroffset":300,"continue":"-||"},"batchcomplete":"","query":{"searchinfo":{"totalhits":678},"search":[{"ns":0,"title":"Copulabyssia
        colombia","timestamp":"2013-04-08T22:53:25Z"},{"ns":0,"title":"Caecum ryssotitum","timestamp":"2013-03-08T15:15:56Z"},{"ns":0,"title":"Zebinella
        striosa","timestamp":"2014-07-15T17:33:05Z"},{"ns":0,"title":"Benthonella
        tenella","timestamp":"2014-04-28T02:45:47Z"},{"ns":0,"title":"Limneria undata","timestamp":"2013-12-29T01:25:43Z"},{"ns":0,"title":"Cypraecassis
        testiculus","timestamp":"2015-01-15T17:47:21Z"},{"ns":0,"title":"Petaloconchus
        varians","timestamp":"2013-03-08T15:02:15Z"},{"ns":0,"title":"Niveria suffusa","timestamp":"2013-03-08T14:59:56Z"},{"ns":0,"title":"Niveria
        quadripunctata","timestamp":"2013-03-08T14:59:43Z"},{"ns":0,"title":"Payraudeautia
        nubila","timestamp":"2013-03-08T14:30:50Z"},{"ns":0,"title":"Stigmaulax cayennensis","timestamp":"2013-03-21T09:32:30Z"},{"ns":0,"title":"Montereina
        branneri","timestamp":"2013-03-07T19:51:20Z"},{"ns":0,"title":"Lamellitrochus
        inceratus","timestamp":"2013-12-23T08:08:25Z"},{"ns":0,"title":"Conus garciai","timestamp":"2013-03-08T03:01:26Z"},{"ns":0,"title":"Tachyrhynchus
        reticulatus","timestamp":"2013-12-27T17:44:31Z"},{"ns":0,"title":"Crepidula
        depressa","timestamp":"2013-06-16T23:24:46Z"},{"ns":0,"title":"Punctulum wyvillethomsoni","timestamp":"2013-03-21T12:14:44Z"},{"ns":0,"title":"Onoba
        steineni","timestamp":"2015-01-02T20:00:03Z"},{"ns":0,"title":"Littoridinops
        tenuipes","timestamp":"2013-03-08T15:19:22Z"},{"ns":0,"title":"Meioceras cornucopiae","timestamp":"2013-03-21T12:02:34Z"},{"ns":0,"title":"Erosaria
        acicularis","timestamp":"2013-03-08T13:56:35Z"},{"ns":0,"title":"Common periwinkle","timestamp":"2015-01-02T03:41:51Z"},{"ns":0,"title":"Macromphalina
        floridana","timestamp":"2013-03-08T15:02:58Z"},{"ns":0,"title":"Odostomella
        doliolum","timestamp":"2013-03-08T13:51:58Z"},{"ns":0,"title":"Suavotrochus
        lubricus","timestamp":"2013-12-23T08:34:41Z"},{"ns":0,"title":"Serpulorbis
        riisei","timestamp":"2013-08-31T13:12:54Z"},{"ns":0,"title":"Hespererato maugeriae","timestamp":"2013-03-08T14:59:16Z"},{"ns":0,"title":"Vermicularia
        spirata","timestamp":"2014-10-31T13:39:16Z"},{"ns":0,"title":"Boreocingula
        castanea","timestamp":"2013-03-08T15:00:22Z"},{"ns":0,"title":"Distorsio clathrata","timestamp":"2013-03-08T15:00:35Z"},{"ns":0,"title":"Cerithiopsis
        albovittata","timestamp":"2014-12-07T15:46:32Z"},{"ns":0,"title":"Epitonium
        humphreysii","timestamp":"2013-03-08T17:16:53Z"},{"ns":0,"title":"Flabellina
        salmonacea","timestamp":"2013-04-05T03:28:19Z"},{"ns":0,"title":"Echinolittorina
        interrupta","timestamp":"2013-03-21T08:35:40Z"},{"ns":0,"title":"Stigmaulax
        sulcatus","timestamp":"2013-03-08T14:36:08Z"},{"ns":0,"title":"Zebina sloaniana","timestamp":"2014-10-28T16:48:50Z"},{"ns":0,"title":"Cerithiopsis
        io","timestamp":"2013-03-07T17:25:09Z"},{"ns":0,"title":"Bursa grayana","timestamp":"2013-03-08T14:54:38Z"},{"ns":0,"title":"Onchidiopsis
        glacialis","timestamp":"2013-03-08T15:04:31Z"},{"ns":0,"title":"Littoridinops
        palustris","timestamp":"2013-03-08T15:19:09Z"},{"ns":0,"title":"Onobops jacksoni","timestamp":"2013-03-08T15:19:50Z"},{"ns":0,"title":"Petaloconchus
        erectus","timestamp":"2013-03-08T15:01:59Z"},{"ns":0,"title":"Stigmaulax cancellatus","timestamp":"2013-03-21T09:31:19Z"},{"ns":0,"title":"Sinuber
        sculptum","timestamp":"2013-03-21T09:29:24Z"},{"ns":0,"title":"Ittibittium
        oryza","timestamp":"2013-03-21T07:13:28Z"},{"ns":0,"title":"Fusitriton brasiliensis","timestamp":"2013-03-21T09:48:21Z"},{"ns":0,"title":"Myosotella
        myosotis","timestamp":"2015-02-24T13:51:11Z"},{"ns":0,"title":"Bursa rhodostoma","timestamp":"2013-03-21T09:20:17Z"},{"ns":0,"title":"Dendropoma
        corrodens","timestamp":"2013-03-08T15:01:19Z"},{"ns":0,"title":"Assiminea
        succinea","timestamp":"2013-03-08T14:53:11Z"}]}}'
    http_version: 
  recorded_at: Wed, 25 Feb 2015 07:22:49 GMT
- request:
    method: get
    uri: http://en.wikipedia.org/w/api.php?action=query&continue=-%7C%7C&format=json&list=search&srinfo=totalhits&srlimit=50&srnamespace=0&sroffset=300&srprop=timestamp&srsearch=%2210.1371/journal.pone.0008776%22%20OR%20%22http://journals.plos.org/plosone/article?id=10.1371/journal.pone.0008776%22&srwhat=text
    body:
      encoding: US-ASCII
      string: ''
    headers:
      User-Agent:
      - Lagotto 3.17 - http://lagotto-bugfixes.local
      Accept:
      - application/json
  response:
    status:
      code: 200
      message: ''
    headers:
      Server:
      - Apache
      X-Powered-By:
      - HHVM/3.3.1
      Cache-Control:
      - private
      X-Content-Type-Options:
      - nosniff
      X-Frame-Options:
      - SAMEORIGIN
      Vary:
      - Accept-Encoding,X-Forwarded-Proto,Cookie
      Content-Type:
      - application/json; charset=utf-8
      X-Varnish:
      - 2974046501, 1520573256, 1838545848
      Via:
      - 1.1 varnish, 1.1 varnish, 1.1 varnish
      Date:
      - Wed, 25 Feb 2015 07:22:48 GMT
      Age:
      - '0'
      Connection:
      - keep-alive
      X-Cache:
      - cp1054 miss (0), amssq55 miss (0), amssq31 frontend miss (0)
      Set-Cookie:
      - GeoIP=DE:Hanover:52.3751:9.7094:v4; Path=/; Domain=.wikipedia.org:80
    body:
      encoding: UTF-8
      string: '{"continue":{"sroffset":350,"continue":"-||"},"batchcomplete":"","query":{"searchinfo":{"totalhits":678},"search":[{"ns":0,"title":"Onoba
        leptalea","timestamp":"2013-03-21T12:52:00Z"},{"ns":0,"title":"Littoraria
        nebulosa","timestamp":"2013-03-08T13:56:44Z"},{"ns":0,"title":"Sconsia grayi","timestamp":"2013-03-08T15:00:09Z"},{"ns":0,"title":"Alvania
        auberiana","timestamp":"2013-03-08T14:55:57Z"},{"ns":0,"title":"Pyrgophorus
        platyrachis","timestamp":"2013-03-08T15:20:18Z"},{"ns":0,"title":"Caecum pulchellum","timestamp":"2013-03-08T15:15:28Z"},{"ns":0,"title":"Petaloconchus
        nigricans","timestamp":"2013-03-21T10:19:53Z"},{"ns":0,"title":"Varicopeza
        crystallina","timestamp":"2013-03-08T13:30:14Z"},{"ns":0,"title":"Bursa grayana","timestamp":"2013-03-08T14:54:38Z"},{"ns":0,"title":"Stigmaulax
        cancellatus","timestamp":"2013-03-21T09:31:19Z"},{"ns":0,"title":"Sinuber
        sculptum","timestamp":"2013-03-21T09:29:24Z"},{"ns":0,"title":"Fusitriton
        brasiliensis","timestamp":"2013-03-21T09:48:21Z"},{"ns":0,"title":"Petaloconchus
        erectus","timestamp":"2013-03-08T15:01:59Z"},{"ns":0,"title":"Onchidiopsis
        glacialis","timestamp":"2013-03-08T15:04:31Z"},{"ns":0,"title":"Ittibittium
        oryza","timestamp":"2013-03-21T07:13:28Z"},{"ns":0,"title":"Onobops jacksoni","timestamp":"2013-03-08T15:19:50Z"},{"ns":0,"title":"Littoridinops
        palustris","timestamp":"2013-03-08T15:19:09Z"},{"ns":0,"title":"Felimare picta","timestamp":"2014-07-28T16:10:51Z"},{"ns":0,"title":"Lunatia
        heros","timestamp":"2015-01-18T15:11:17Z"},{"ns":0,"title":"Turbo castanea","timestamp":"2014-10-10T03:14:24Z"},{"ns":0,"title":"Charonia
        lampas","timestamp":"2013-02-28T13:29:14Z"},{"ns":0,"title":"Dwarf sea hare","timestamp":"2013-03-08T21:53:07Z"},{"ns":0,"title":"Gelagna
        succincta","timestamp":"2012-05-06T08:25:38Z"},{"ns":0,"title":"Melampus coffea","timestamp":"2015-02-24T15:09:02Z"},{"ns":0,"title":"Marsupina
        bufo","timestamp":"2014-03-20T04:04:32Z"},{"ns":0,"title":"Turritella bayeri","timestamp":"2013-03-21T05:50:51Z"},{"ns":0,"title":"Onoba
        schraderi","timestamp":"2013-03-21T11:58:36Z"},{"ns":0,"title":"Onoba anderssoni","timestamp":"2015-01-02T20:00:26Z"},{"ns":0,"title":"Benthonellania
        xanthias","timestamp":"2013-03-08T15:00:09Z"},{"ns":0,"title":"Amauropsis
        anderssoni","timestamp":"2013-03-21T09:09:44Z"},{"ns":0,"title":"Torellia
        insignis","timestamp":"2013-03-21T08:44:25Z"},{"ns":0,"title":"Torellia antarctica","timestamp":"2014-12-08T16:33:17Z"},{"ns":0,"title":"Laevilitorina
        coriacea","timestamp":"2013-04-09T11:30:23Z"},{"ns":0,"title":"Conus mus","timestamp":"2013-04-07T08:56:50Z"},{"ns":0,"title":"Vermicularia
        knorrii","timestamp":"2013-03-08T13:30:42Z"},{"ns":0,"title":"Torellia planispira","timestamp":"2013-03-21T08:45:24Z"},{"ns":0,"title":"Dendropoma
        irregulare","timestamp":"2013-03-08T15:01:46Z"},{"ns":0,"title":"Serpulorbis
        squamolineatus","timestamp":"2013-04-10T11:32:35Z"},{"ns":0,"title":"Bulbus
        smithii","timestamp":"2013-08-15T03:52:13Z"},{"ns":0,"title":"Frigidoalvania
        janmayeni","timestamp":"2013-03-08T15:01:57Z"},{"ns":0,"title":"Alvania verrilli","timestamp":"2013-03-21T12:13:47Z"},{"ns":0,"title":"Alvania
        syngenes","timestamp":"2013-03-21T12:09:54Z"},{"ns":0,"title":"Argobuccinum
        proditor","timestamp":"2013-03-21T09:42:03Z"},{"ns":0,"title":"Kerguelenatica
        bioperculata","timestamp":"2013-03-21T09:16:16Z"},{"ns":0,"title":"Falsilunatia
        notorcadensis","timestamp":"2013-03-21T09:16:07Z"},{"ns":0,"title":"Polinices
        uberinus","timestamp":"2013-12-17T21:32:08Z"},{"ns":0,"title":"Caecum regulare","timestamp":"2013-03-08T15:15:43Z"},{"ns":0,"title":"Aplysia
        dactylomela","timestamp":"2013-10-05T18:45:30Z"},{"ns":0,"title":"Calliostoma
        adelae","timestamp":"2013-12-23T07:48:22Z"},{"ns":0,"title":"Tenagodus squamatus","timestamp":"2013-03-08T13:27:18Z"}]}}'
    http_version: 
  recorded_at: Wed, 25 Feb 2015 07:22:49 GMT
- request:
    method: get
    uri: http://en.wikipedia.org/w/api.php?action=query&continue=-%7C%7C&format=json&list=search&srinfo=totalhits&srlimit=50&srnamespace=0&sroffset=350&srprop=timestamp&srsearch=%2210.1371/journal.pone.0008776%22%20OR%20%22http://journals.plos.org/plosone/article?id=10.1371/journal.pone.0008776%22&srwhat=text
    body:
      encoding: US-ASCII
      string: ''
    headers:
      User-Agent:
      - Lagotto 3.17 - http://lagotto-bugfixes.local
      Accept:
      - application/json
  response:
    status:
      code: 200
      message: ''
    headers:
      Server:
      - Apache
      X-Powered-By:
      - HHVM/3.3.1
      Cache-Control:
      - private
      X-Content-Type-Options:
      - nosniff
      X-Frame-Options:
      - SAMEORIGIN
      Vary:
      - Accept-Encoding,X-Forwarded-Proto,Cookie
      Content-Type:
      - application/json; charset=utf-8
      X-Varnish:
      - 3313799903, 2110638990, 1319932586
      Via:
      - 1.1 varnish, 1.1 varnish, 1.1 varnish
      Date:
      - Wed, 25 Feb 2015 07:22:48 GMT
      Age:
      - '0'
      Connection:
      - keep-alive
      X-Cache:
      - cp1055 miss (0), amssq39 miss (0), amssq59 frontend miss (0)
      Set-Cookie:
      - GeoIP=DE:Hanover:52.3751:9.7094:v4; Path=/; Domain=.wikipedia.org:80
    body:
      encoding: UTF-8
      string: '{"continue":{"sroffset":400,"continue":"-||"},"batchcomplete":"","query":{"searchinfo":{"totalhits":678},"search":[{"ns":0,"title":"Petaloconchus
        mcgintyi","timestamp":"2013-03-21T10:19:49Z"},{"ns":0,"title":"Dendropoma
        exsertum","timestamp":"2013-03-08T15:01:32Z"},{"ns":0,"title":"Calliostoma
        adelae","timestamp":"2013-12-23T07:48:22Z"},{"ns":0,"title":"Tenagodus squamatus","timestamp":"2013-03-08T13:27:18Z"},{"ns":0,"title":"Lacuna
        pallidula","timestamp":"2013-07-26T18:25:13Z"},{"ns":0,"title":"Powellisetia
        deserta","timestamp":"2013-03-21T12:04:36Z"},{"ns":0,"title":"Calliostoma
        circumcinctum","timestamp":"2013-08-14T01:36:10Z"},{"ns":0,"title":"Cyphoma
        aureocinctum","timestamp":"2013-03-21T08:27:14Z"},{"ns":0,"title":"Natica
        perlineata","timestamp":"2013-03-08T14:28:35Z"},{"ns":0,"title":"Amauropsis
        sphaeroides","timestamp":"2014-04-28T02:45:45Z"},{"ns":0,"title":"Sinuber
        microstriatum","timestamp":"2013-03-21T09:29:19Z"},{"ns":0,"title":"Litiopa
        melanostoma","timestamp":"2014-11-27T18:14:25Z"},{"ns":0,"title":"Vermicularia
        radicula","timestamp":"2013-03-08T13:30:56Z"},{"ns":0,"title":"Tenagodus modestus","timestamp":"2013-03-21T07:26:22Z"},{"ns":0,"title":"Tachyrhynchus
        erosus","timestamp":"2013-03-08T13:26:35Z"},{"ns":0,"title":"Finella adamsi","timestamp":"2013-03-08T13:22:31Z"},{"ns":0,"title":"Caecum
        textile","timestamp":"2013-12-26T22:46:42Z"},{"ns":0,"title":"Laevilitorina
        pygmaea","timestamp":"2013-03-21T08:52:37Z"},{"ns":0,"title":"Eatoniella strebeli","timestamp":"2013-03-21T08:59:12Z"},{"ns":0,"title":"Turbo
        heisei","timestamp":"2014-10-10T03:15:40Z"},{"ns":0,"title":"Hipponix incurvus","timestamp":"2013-03-08T13:53:53Z"},{"ns":0,"title":"Turritella
        variegata","timestamp":"2013-03-08T13:29:47Z"},{"ns":0,"title":"Petaloconchus
        floridanus","timestamp":"2013-03-21T10:19:24Z"},{"ns":0,"title":"Heleobops
        docimus","timestamp":"2013-03-08T15:18:18Z"},{"ns":0,"title":"Littoridinops
        monroensis","timestamp":"2013-03-08T15:18:44Z"},{"ns":0,"title":"Antillophos
        bahamensis","timestamp":"2013-03-21T06:15:19Z"},{"ns":0,"title":"Echinolittorina
        lineolata","timestamp":"2013-03-21T08:35:53Z"},{"ns":0,"title":"Falsilunatia
        delicatula","timestamp":"2013-03-21T09:15:13Z"},{"ns":0,"title":"Sigatica
        carolinensis","timestamp":"2013-03-08T14:31:31Z"},{"ns":0,"title":"Supplanaxis
        nucleus","timestamp":"2013-03-08T13:26:22Z"},{"ns":0,"title":"Fossarus bellus","timestamp":"2013-11-06T14:05:54Z"},{"ns":0,"title":"Sassia
        lewisi","timestamp":"2013-03-21T10:02:53Z"},{"ns":0,"title":"Cabestana felipponei","timestamp":"2013-03-21T09:44:07Z"},{"ns":0,"title":"Eudolium
        crosseanum","timestamp":"2015-02-10T15:47:32Z"},{"ns":0,"title":"Pseudostomatella
        erythrocoma","timestamp":"2014-04-02T15:03:48Z"},{"ns":0,"title":"Strombus
        pugilis","timestamp":"2013-03-08T22:18:23Z"},{"ns":0,"title":"Ecrobia truncata","timestamp":"2014-05-06T07:04:31Z"},{"ns":0,"title":"Falsilunatia
        eltanini","timestamp":"2013-03-21T09:15:42Z"},{"ns":0,"title":"Polinices leptaleus","timestamp":"2013-03-08T14:30:37Z"},{"ns":0,"title":"Natica
        tedbayeri","timestamp":"2013-03-08T14:28:48Z"},{"ns":0,"title":"Cymbovula
        acicularis","timestamp":"2013-03-08T13:40:26Z"},{"ns":0,"title":"Onobops crassus","timestamp":"2013-03-08T15:19:37Z"},{"ns":0,"title":"Caecum
        brasilicum","timestamp":"2013-03-21T12:20:11Z"},{"ns":0,"title":"Benthonellania
        pyrrhias","timestamp":"2013-03-21T12:15:54Z"},{"ns":0,"title":"Frigidoalvania
        pelagica","timestamp":"2013-03-08T15:02:11Z"},{"ns":0,"title":"Oxygyrus keraudrenii","timestamp":"2014-05-08T23:53:08Z"},{"ns":0,"title":"Facelina
        bostoniensis","timestamp":"2013-03-08T02:14:03Z"},{"ns":0,"title":"Turbo angelvaldesi","timestamp":"2014-10-10T03:13:57Z"},{"ns":0,"title":"Cymatium
        comptum","timestamp":"2013-03-08T14:56:04Z"},{"ns":0,"title":"Cymatium occidentale","timestamp":"2013-03-08T14:57:27Z"}]}}'
    http_version: 
  recorded_at: Wed, 25 Feb 2015 07:22:50 GMT
- request:
    method: get
    uri: http://en.wikipedia.org/w/api.php?action=query&continue=-%7C%7C&format=json&list=search&srinfo=totalhits&srlimit=50&srnamespace=0&sroffset=400&srprop=timestamp&srsearch=%2210.1371/journal.pone.0008776%22%20OR%20%22http://journals.plos.org/plosone/article?id=10.1371/journal.pone.0008776%22&srwhat=text
    body:
      encoding: US-ASCII
      string: ''
    headers:
      User-Agent:
      - Lagotto 3.17 - http://lagotto-bugfixes.local
      Accept:
      - application/json
  response:
    status:
      code: 200
      message: ''
    headers:
      Server:
      - Apache
      X-Powered-By:
      - HHVM/3.3.1
      Cache-Control:
      - private
      X-Content-Type-Options:
      - nosniff
      X-Frame-Options:
      - SAMEORIGIN
      Vary:
      - Accept-Encoding,X-Forwarded-Proto,Cookie
      Content-Type:
      - application/json; charset=utf-8
      X-Varnish:
      - 3051080616, 1968512846, 1464771970
      Via:
      - 1.1 varnish, 1.1 varnish, 1.1 varnish
      Date:
      - Wed, 25 Feb 2015 07:22:49 GMT
      Age:
      - '0'
      Connection:
      - keep-alive
      X-Cache:
      - cp1052 miss (0), amssq58 miss (0), amssq55 frontend miss (0)
      Set-Cookie:
      - GeoIP=DE:Hanover:52.3751:9.7094:v4; Path=/; Domain=.wikipedia.org:80
    body:
      encoding: UTF-8
      string: '{"continue":{"sroffset":450,"continue":"-||"},"batchcomplete":"","query":{"searchinfo":{"totalhits":678},"search":[{"ns":0,"title":"Ecrobia
        truncata","timestamp":"2014-05-06T07:04:31Z"},{"ns":0,"title":"Oxygyrus keraudrenii","timestamp":"2014-05-08T23:53:08Z"},{"ns":0,"title":"Falsilunatia
        eltanini","timestamp":"2013-03-21T09:15:42Z"},{"ns":0,"title":"Polinices leptaleus","timestamp":"2013-03-08T14:30:37Z"},{"ns":0,"title":"Natica
        tedbayeri","timestamp":"2013-03-08T14:28:48Z"},{"ns":0,"title":"Cymbovula
        acicularis","timestamp":"2013-03-08T13:40:26Z"},{"ns":0,"title":"Onobops crassus","timestamp":"2013-03-08T15:19:37Z"},{"ns":0,"title":"Caecum
        brasilicum","timestamp":"2013-03-21T12:20:11Z"},{"ns":0,"title":"Benthonellania
        pyrrhias","timestamp":"2013-03-21T12:15:54Z"},{"ns":0,"title":"Frigidoalvania
        pelagica","timestamp":"2013-03-08T15:02:11Z"},{"ns":0,"title":"Facelina bostoniensis","timestamp":"2013-03-08T02:14:03Z"},{"ns":0,"title":"Cadlina
        laevis","timestamp":"2015-02-21T08:31:50Z"},{"ns":0,"title":"Seila adamsii","timestamp":"2013-03-07T16:44:40Z"},{"ns":0,"title":"Arrhoges
        occidentalis","timestamp":"2014-08-08T04:26:13Z"},{"ns":0,"title":"Macrocypraea
        zebra","timestamp":"2013-09-17T23:46:13Z"},{"ns":0,"title":"Crepipatella dilatata","timestamp":"2014-05-13T23:45:38Z"},{"ns":0,"title":"Doriprismatica
        sedna","timestamp":"2013-03-08T16:19:52Z"},{"ns":0,"title":"Niveria macaeica","timestamp":"2015-02-12T14:53:52Z"},{"ns":0,"title":"Common
        slipper shell","timestamp":"2015-02-20T12:34:20Z"},{"ns":0,"title":"Heleobops
        carrikeri","timestamp":"2013-03-08T15:18:04Z"},{"ns":0,"title":"Caecum johnsoni","timestamp":"2013-03-08T15:15:00Z"},{"ns":0,"title":"Caecum
        bipartitum","timestamp":"2013-03-08T15:12:19Z"},{"ns":0,"title":"Sassia philomelae","timestamp":"2013-03-21T10:03:53Z"},{"ns":0,"title":"Caecum
        antillarum","timestamp":"2013-03-08T15:12:06Z"},{"ns":0,"title":"Benthonellania
        multicostata","timestamp":"2013-03-21T12:15:34Z"},{"ns":0,"title":"Frigidoalvania
        brychia","timestamp":"2013-03-08T15:01:30Z"},{"ns":0,"title":"Rissoina sagraiana","timestamp":"2014-08-07T10:23:47Z"},{"ns":0,"title":"Onoba
        delecta","timestamp":"2013-04-23T08:05:22Z"},{"ns":0,"title":"Angiola lineata","timestamp":"2013-07-18T19:34:57Z"},{"ns":0,"title":"Cerithioclava
        garciai","timestamp":"2013-03-21T07:20:14Z"},{"ns":0,"title":"Fastigiella
        carinata","timestamp":"2013-03-21T07:50:35Z"},{"ns":0,"title":"Alvania dejongi","timestamp":"2013-03-21T12:22:56Z"},{"ns":0,"title":"Larsenia
        scalaroides","timestamp":"2013-03-21T12:50:27Z"},{"ns":0,"title":"Distorsio
        constricta","timestamp":"2013-03-08T15:00:49Z"},{"ns":0,"title":"Skenella
        wareni","timestamp":"2013-03-21T08:58:24Z"},{"ns":0,"title":"Pickenia signyensis","timestamp":"2013-03-21T08:54:40Z"},{"ns":0,"title":"Caecum
        subornatum","timestamp":"2013-03-21T12:00:42Z"},{"ns":0,"title":"Bittium delicatum","timestamp":"2013-03-21T07:12:50Z"},{"ns":0,"title":"Solariella
        periscopia","timestamp":"2013-12-09T06:52:37Z"},{"ns":0,"title":"Solariella
        iris","timestamp":"2014-01-08T13:06:55Z"},{"ns":0,"title":"Fusiturricula maesae","timestamp":"2013-03-08T02:48:23Z"},{"ns":0,"title":"Conus
        ermineus","timestamp":"2014-05-28T03:11:12Z"},{"ns":0,"title":"Turritella
        marianopsis","timestamp":"2013-03-21T05:49:53Z"},{"ns":0,"title":"Finella
        dubia","timestamp":"2013-03-08T13:22:44Z"},{"ns":0,"title":"Onoba obliqua","timestamp":"2013-03-21T12:53:35Z"},{"ns":0,"title":"Microstelma
        columbella","timestamp":"2014-08-07T10:37:10Z"},{"ns":0,"title":"Alvania latior","timestamp":"2013-03-08T14:57:47Z"},{"ns":0,"title":"Alvania
        turkensis","timestamp":"2013-03-21T12:12:58Z"},{"ns":0,"title":"Pusillina
        harpa","timestamp":"2013-03-21T12:10:35Z"},{"ns":0,"title":"Echinophoria coronadoi","timestamp":"2013-03-21T12:23:56Z"}]}}'
    http_version: 
  recorded_at: Wed, 25 Feb 2015 07:22:50 GMT
- request:
    method: get
    uri: http://en.wikipedia.org/w/api.php?action=query&continue=-%7C%7C&format=json&list=search&srinfo=totalhits&srlimit=50&srnamespace=0&sroffset=450&srprop=timestamp&srsearch=%2210.1371/journal.pone.0008776%22%20OR%20%22http://journals.plos.org/plosone/article?id=10.1371/journal.pone.0008776%22&srwhat=text
    body:
      encoding: US-ASCII
      string: ''
    headers:
      User-Agent:
      - Lagotto 3.17 - http://lagotto-bugfixes.local
      Accept:
      - application/json
  response:
    status:
      code: 200
      message: ''
    headers:
      Server:
      - Apache
      X-Powered-By:
      - HHVM/3.3.1
      Cache-Control:
      - private
      X-Content-Type-Options:
      - nosniff
      X-Frame-Options:
      - SAMEORIGIN
      Vary:
      - Accept-Encoding,X-Forwarded-Proto,Cookie
      Content-Type:
      - application/json; charset=utf-8
      X-Varnish:
      - 3051080938, 1489917909, 940606646
      Via:
      - 1.1 varnish, 1.1 varnish, 1.1 varnish
      Date:
      - Wed, 25 Feb 2015 07:22:49 GMT
      Age:
      - '0'
      Connection:
      - keep-alive
      X-Cache:
      - cp1052 miss (0), amssq36 miss (0), amssq40 frontend miss (0)
      Set-Cookie:
      - GeoIP=DE:Hanover:52.3751:9.7094:v4; Path=/; Domain=.wikipedia.org:80
    body:
      encoding: UTF-8
      string: '{"continue":{"sroffset":500,"continue":"-||"},"batchcomplete":"","query":{"searchinfo":{"totalhits":678},"search":[{"ns":0,"title":"Benthonellania
        coronata","timestamp":"2013-03-21T12:15:25Z"},{"ns":0,"title":"Alvania pseudoareolata","timestamp":"2013-03-08T14:58:28Z"},{"ns":0,"title":"Caecum
        clava","timestamp":"2013-03-08T15:12:59Z"},{"ns":0,"title":"Capulus subcompressus","timestamp":"2013-03-21T08:40:05Z"},{"ns":0,"title":"Bursa
        corrugata","timestamp":"2013-03-08T14:54:11Z"},{"ns":0,"title":"Hyalorisia
        galea","timestamp":"2013-03-21T08:40:41Z"},{"ns":0,"title":"Eatoniella varicifera","timestamp":"2013-03-21T08:59:33Z"},{"ns":0,"title":"Skenella
        georgiana","timestamp":"2015-01-02T20:00:59Z"},{"ns":0,"title":"Echinophoria
        coronadoi","timestamp":"2013-03-21T12:23:56Z"},{"ns":0,"title":"Bittium pigrum","timestamp":"2013-03-21T07:15:22Z"},{"ns":0,"title":"Finella
        dubia","timestamp":"2013-03-08T13:22:44Z"},{"ns":0,"title":"Turritella marianopsis","timestamp":"2013-03-21T05:49:53Z"},{"ns":0,"title":"Pusillina
        harpa","timestamp":"2013-03-21T12:10:35Z"},{"ns":0,"title":"Onoba obliqua","timestamp":"2013-03-21T12:53:35Z"},{"ns":0,"title":"Microstelma
        columbella","timestamp":"2014-08-07T10:37:10Z"},{"ns":0,"title":"Alvania latior","timestamp":"2013-03-08T14:57:47Z"},{"ns":0,"title":"Alvania
        turkensis","timestamp":"2013-03-21T12:12:58Z"},{"ns":0,"title":"Caecum condylum","timestamp":"2013-03-08T15:13:13Z"},{"ns":0,"title":"Caecum
        cinctum","timestamp":"2013-03-21T12:20:34Z"},{"ns":0,"title":"Caecum torquetum","timestamp":"2013-03-21T12:01:03Z"},{"ns":0,"title":"Floridiscrobs
        dysbatus","timestamp":"2013-03-08T15:17:51Z"},{"ns":0,"title":"Aplysia juliana","timestamp":"2013-03-08T16:44:01Z"},{"ns":0,"title":"Alvania
        pseudosyngenes","timestamp":"2013-03-08T14:58:42Z"},{"ns":0,"title":"Alvania
        precipitata","timestamp":"2013-03-08T14:58:15Z"},{"ns":0,"title":"Casmaria
        atlantica","timestamp":"2013-03-21T12:22:10Z"},{"ns":0,"title":"Caecum striatum","timestamp":"2013-03-21T11:59:57Z"},{"ns":0,"title":"Torellia
        smithi","timestamp":"2013-03-21T08:45:28Z"},{"ns":0,"title":"Trichotropis
        migrans","timestamp":"2013-03-08T13:54:59Z"},{"ns":0,"title":"Torellia delicata","timestamp":"2013-03-08T13:54:07Z"},{"ns":0,"title":"Bittium
        lusciniae","timestamp":"2013-03-21T07:15:04Z"},{"ns":0,"title":"Turritella
        hookeri","timestamp":"2013-03-08T13:28:26Z"},{"ns":0,"title":"Turritella yucatecana","timestamp":"2013-03-21T07:30:13Z"},{"ns":0,"title":"Polinices
        hepaticus","timestamp":"2013-03-08T14:29:46Z"},{"ns":0,"title":"Solariella
        obscura","timestamp":"2013-12-06T16:13:25Z"},{"ns":0,"title":"Hipponix antiquatus","timestamp":"2015-02-21T08:40:44Z"},{"ns":0,"title":"Vermicularia
        bathyalis","timestamp":"2013-03-21T23:40:30Z"},{"ns":0,"title":"Pterotrachea
        coronata","timestamp":"2014-07-05T10:51:28Z"},{"ns":0,"title":"Hipponix subrufus","timestamp":"2014-05-05T22:18:06Z"},{"ns":0,"title":"Atlanta
        inclinata","timestamp":"2013-03-08T15:25:41Z"},{"ns":0,"title":"Skenella umbilicata","timestamp":"2015-01-02T20:01:55Z"},{"ns":0,"title":"Trichotropis
        bicarinata","timestamp":"2013-06-22T20:49:56Z"},{"ns":0,"title":"Caecum circumvolutum","timestamp":"2013-03-21T12:21:08Z"},{"ns":0,"title":"Caecum
        plicatum","timestamp":"2013-03-08T15:15:13Z"},{"ns":0,"title":"Caecum carolinianum","timestamp":"2013-03-08T15:12:46Z"},{"ns":0,"title":"Onoba
        torelli","timestamp":"2013-03-21T12:00:01Z"},{"ns":0,"title":"Alvania debruynei","timestamp":"2013-03-21T12:22:40Z"},{"ns":0,"title":"Microstelma
        vestale","timestamp":"2014-08-07T10:35:52Z"},{"ns":0,"title":"Schwartziella
        abacocubensis","timestamp":"2014-08-07T10:25:06Z"},{"ns":0,"title":"Stosicia
        aberrans","timestamp":"2013-06-11T14:20:03Z"},{"ns":0,"title":"Torellia cornea","timestamp":"2013-03-21T08:42:30Z"}]}}'
    http_version: 
  recorded_at: Wed, 25 Feb 2015 07:22:51 GMT
- request:
    method: get
    uri: http://en.wikipedia.org/w/api.php?action=query&continue=-%7C%7C&format=json&list=search&srinfo=totalhits&srlimit=50&srnamespace=0&sroffset=500&srprop=timestamp&srsearch=%2210.1371/journal.pone.0008776%22%20OR%20%22http://journals.plos.org/plosone/article?id=10.1371/journal.pone.0008776%22&srwhat=text
    body:
      encoding: US-ASCII
      string: ''
    headers:
      User-Agent:
      - Lagotto 3.17 - http://lagotto-bugfixes.local
      Accept:
      - application/json
  response:
    status:
      code: 200
      message: ''
    headers:
      Server:
      - Apache
      X-Powered-By:
      - HHVM/3.3.1
      Cache-Control:
      - private
      X-Content-Type-Options:
      - nosniff
      X-Frame-Options:
      - SAMEORIGIN
      Vary:
      - Accept-Encoding,X-Forwarded-Proto,Cookie
      Content-Type:
      - application/json; charset=utf-8
      X-Varnish:
      - 2974047968, 2138490667, 1725327174
      Via:
      - 1.1 varnish, 1.1 varnish, 1.1 varnish
      Date:
      - Wed, 25 Feb 2015 07:22:49 GMT
      Age:
      - '0'
      Connection:
      - keep-alive
      X-Cache:
      - cp1054 miss (0), amssq52 miss (0), amssq39 frontend miss (0)
      Set-Cookie:
      - GeoIP=DE:Hanover:52.3751:9.7094:v4; Path=/; Domain=.wikipedia.org:80
    body:
      encoding: UTF-8
      string: '{"continue":{"sroffset":550,"continue":"-||"},"batchcomplete":"","query":{"searchinfo":{"totalhits":678},"search":[{"ns":0,"title":"Eatoniella
        contusa","timestamp":"2013-03-21T08:58:58Z"},{"ns":0,"title":"Conus sanderi","timestamp":"2013-03-13T06:47:17Z"},{"ns":0,"title":"Oocorys
        verrillii","timestamp":"2013-03-08T14:58:49Z"},{"ns":0,"title":"Truncatella
        clathrus","timestamp":"2013-03-21T12:21:39Z"},{"ns":0,"title":"Rissoina angeli","timestamp":"2014-08-07T10:21:55Z"},{"ns":0,"title":"Rissoina
        fenestrata","timestamp":"2014-08-07T10:22:28Z"},{"ns":0,"title":"Modulus calusa","timestamp":"2013-03-08T13:24:19Z"},{"ns":0,"title":"Bittium
        philomelae","timestamp":"2013-03-21T07:15:18Z"},{"ns":0,"title":"Onoba exarata","timestamp":"2013-03-08T15:02:51Z"},{"ns":0,"title":"Caecum
        strigosum","timestamp":"2013-03-08T15:16:10Z"},{"ns":0,"title":"Caecum insularum","timestamp":"2013-03-08T15:14:47Z"},{"ns":0,"title":"Caecum
        imbricatum","timestamp":"2013-03-08T15:14:32Z"},{"ns":0,"title":"Caecum subvolutum","timestamp":"2013-03-08T15:16:34Z"},{"ns":0,"title":"Caecum
        breve","timestamp":"2013-03-08T15:12:32Z"},{"ns":0,"title":"Pleioptygma helenae","timestamp":"2012-05-20T11:41:39Z"},{"ns":0,"title":"Atlantic
        triton","timestamp":"2014-05-25T12:50:32Z"},{"ns":0,"title":"Felimida regalis","timestamp":"2013-10-06T13:35:31Z"},{"ns":0,"title":"Onoba
        grisea","timestamp":"2015-01-02T20:01:07Z"},{"ns":0,"title":"Lithopoma phoebium","timestamp":"2014-08-24T16:36:51Z"},{"ns":0,"title":"Eubranchus
        exiguus","timestamp":"2015-01-31T23:26:54Z"},{"ns":0,"title":"Lacuna vincta","timestamp":"2014-10-22T15:12:21Z"},{"ns":0,"title":"Felimare
        bayeri","timestamp":"2014-12-17T07:35:05Z"},{"ns":0,"title":"Monoplex aquatilis","timestamp":"2013-10-17T15:59:08Z"},{"ns":0,"title":"Conus
        anabathrum","timestamp":"2013-04-07T08:53:25Z"},{"ns":0,"title":"Cerithium
        lindae","timestamp":"2013-03-08T13:21:24Z"},{"ns":0,"title":"Macromphalina
        robertsoni","timestamp":"2013-03-21T12:53:04Z"},{"ns":0,"title":"Macromphalina
        pierrot","timestamp":"2013-03-08T15:03:37Z"},{"ns":0,"title":"Cyphoma rhomba","timestamp":"2013-03-08T13:41:06Z"},{"ns":0,"title":"Cassis
        flammea","timestamp":"2014-10-11T19:03:48Z"},{"ns":0,"title":"Distorsio perdistorta","timestamp":"2013-03-08T15:01:16Z"},{"ns":0,"title":"Megalomphalus
        oxychone","timestamp":"2013-03-21T12:54:26Z"},{"ns":0,"title":"Hipponix climax","timestamp":"2013-03-21T12:50:03Z"},{"ns":0,"title":"Simulamerelina
        caribaea","timestamp":"2013-03-21T12:00:51Z"},{"ns":0,"title":"Cerithium bayeri","timestamp":"2013-03-21T07:21:41Z"},{"ns":0,"title":"Macromphalina
        canarreos","timestamp":"2013-03-21T12:51:40Z"},{"ns":0,"title":"Macromphalina
        susoi","timestamp":"2013-03-21T12:53:08Z"},{"ns":0,"title":"Crucibulum striatum","timestamp":"2013-03-08T13:57:49Z"},{"ns":0,"title":"Ranella
        gemmifera","timestamp":"2014-03-29T18:06:13Z"},{"ns":0,"title":"Calliostoma
        bairdii","timestamp":"2015-02-15T19:01:04Z"},{"ns":0,"title":"Onoba turqueti","timestamp":"2015-01-25T14:00:43Z"},{"ns":0,"title":"Megalomphalus
        pilsbryi","timestamp":"2013-03-21T12:54:36Z"},{"ns":0,"title":"Onchidiopsis
        groenlandica","timestamp":"2013-03-21T12:19:01Z"},{"ns":0,"title":"Hipponix
        benthophila","timestamp":"2013-03-21T12:49:35Z"},{"ns":0,"title":"Cyphoma
        sedlaki","timestamp":"2013-03-08T13:41:19Z"},{"ns":0,"title":"Cardiapoda placenta","timestamp":"2013-03-02T04:11:17Z"},{"ns":0,"title":"Pseudosimnia
        vanhyningi","timestamp":"2013-03-08T13:41:33Z"},{"ns":0,"title":"Copulabyssia
        leptalea","timestamp":"2013-03-21T05:21:50Z"},{"ns":0,"title":"Atlanta inflata","timestamp":"2013-03-08T15:25:54Z"},{"ns":0,"title":"Macromphalina
        redferni","timestamp":"2013-04-09T13:25:50Z"},{"ns":0,"title":"Macromphalina
        apexplanum","timestamp":"2013-03-21T12:51:08Z"}]}}'
    http_version: 
  recorded_at: Wed, 25 Feb 2015 07:22:51 GMT
- request:
    method: get
    uri: http://en.wikipedia.org/w/api.php?action=query&continue=-%7C%7C&format=json&list=search&srinfo=totalhits&srlimit=50&srnamespace=0&sroffset=550&srprop=timestamp&srsearch=%2210.1371/journal.pone.0008776%22%20OR%20%22http://journals.plos.org/plosone/article?id=10.1371/journal.pone.0008776%22&srwhat=text
    body:
      encoding: US-ASCII
      string: ''
    headers:
      User-Agent:
      - Lagotto 3.17 - http://lagotto-bugfixes.local
      Accept:
      - application/json
  response:
    status:
      code: 200
      message: ''
    headers:
      Server:
      - Apache
      X-Powered-By:
      - HHVM/3.3.1
      Cache-Control:
      - private
      X-Content-Type-Options:
      - nosniff
      X-Frame-Options:
      - SAMEORIGIN
      Vary:
      - Accept-Encoding,X-Forwarded-Proto,Cookie
      Content-Type:
      - application/json; charset=utf-8
      X-Varnish:
      - 520539512, 2138490791, 1126455843
      Via:
      - 1.1 varnish, 1.1 varnish, 1.1 varnish
      Date:
      - Wed, 25 Feb 2015 07:22:50 GMT
      Age:
      - '0'
      Connection:
      - keep-alive
      X-Cache:
      - cp1067 miss (0), amssq52 miss (0), amssq45 frontend miss (0)
      Set-Cookie:
      - GeoIP=DE:Hanover:52.3751:9.7094:v4; Path=/; Domain=.wikipedia.org:80
    body:
      encoding: UTF-8
      string: '{"continue":{"sroffset":600,"continue":"-||"},"batchcomplete":"","query":{"searchinfo":{"totalhits":678},"search":[{"ns":0,"title":"Cyphoma
        versicolor","timestamp":"2013-03-21T08:28:22Z"},{"ns":0,"title":"Pilus conicus","timestamp":"2013-02-14T15:44:12Z"},{"ns":0,"title":"Onchidiopsis
        kingmaruensis","timestamp":"2013-03-08T15:04:44Z"},{"ns":0,"title":"Macromphalina
        palmalitoris","timestamp":"2013-03-08T15:03:12Z"},{"ns":0,"title":"Falsilunatia
        scotiana","timestamp":"2013-03-21T09:11:18Z"},{"ns":0,"title":"Conus julieandreae","timestamp":"2013-03-08T02:48:43Z"},{"ns":0,"title":"Cyphoma
        signatum","timestamp":"2014-11-04T03:17:07Z"},{"ns":0,"title":"Lithopoma caelatum","timestamp":"2014-08-24T15:10:31Z"},{"ns":0,"title":"Simulamerelina
        novemstriata","timestamp":"2013-03-21T12:00:55Z"},{"ns":0,"title":"Atlanta
        fragilis","timestamp":"2013-03-21T12:19:59Z"},{"ns":0,"title":"Cyphoma macumba","timestamp":"2013-03-21T08:27:59Z"},{"ns":0,"title":"Felimida
        neona","timestamp":"2013-12-31T07:21:24Z"},{"ns":0,"title":"Lithopoma americanum","timestamp":"2014-08-23T15:05:03Z"},{"ns":0,"title":"Conus
        jucundus","timestamp":"2013-03-08T02:48:16Z"},{"ns":0,"title":"Crepidula atrasolea","timestamp":"2015-02-02T11:08:09Z"},{"ns":0,"title":"Pyramidella
        dolabrata","timestamp":"2015-02-07T14:07:21Z"},{"ns":0,"title":"Talassia sandersoni","timestamp":"2013-03-21T12:55:55Z"},{"ns":0,"title":"Macromphalina
        paradoxa","timestamp":"2013-04-09T13:26:01Z"},{"ns":0,"title":"Macromphalina
        garcesi","timestamp":"2013-03-21T12:52:17Z"},{"ns":0,"title":"Cyphoma mcgintyi","timestamp":"2013-03-08T13:40:53Z"},{"ns":0,"title":"Conus
        mindanus","timestamp":"2013-04-07T08:56:43Z"},{"ns":0,"title":"Crepidula ustulatulina","timestamp":"2014-11-01T21:11:58Z"},{"ns":0,"title":"Cyphoma
        christahemmenae","timestamp":"2015-02-14T09:03:19Z"},{"ns":0,"title":"Echinolittorina
        meleagris","timestamp":"2013-08-11T22:37:51Z"},{"ns":0,"title":"Conus flavescens","timestamp":"2014-03-05T19:59:02Z"},{"ns":0,"title":"Monoplex
        vespaceus","timestamp":"2013-03-21T09:56:23Z"},{"ns":0,"title":"Solariella
        varicosa","timestamp":"2014-09-04T08:42:52Z"},{"ns":0,"title":"Piliscus commodus","timestamp":"2013-03-08T15:04:57Z"},{"ns":0,"title":"Conus
        curassaviensis","timestamp":"2013-03-08T02:42:09Z"},{"ns":0,"title":"Conus
        armiger","timestamp":"2013-04-07T08:53:40Z"},{"ns":0,"title":"Conus magnottei","timestamp":"2013-03-08T03:03:50Z"},{"ns":0,"title":"Calliostoma
        benedicti","timestamp":"2013-12-23T07:50:21Z"},{"ns":0,"title":"Conus deynzerorum","timestamp":"2013-03-08T02:45:33Z"},{"ns":0,"title":"Conus
        arangoi","timestamp":"2013-03-08T02:43:41Z"},{"ns":0,"title":"Conus daucus","timestamp":"2013-04-07T08:54:53Z"},{"ns":0,"title":"Conus
        lindae","timestamp":"2013-03-08T03:00:45Z"},{"ns":0,"title":"Lamellitrochus
        lamellosus","timestamp":"2015-01-06T11:25:25Z"},{"ns":0,"title":"Turbo canaliculatus","timestamp":"2014-10-10T03:14:20Z"},{"ns":0,"title":"Conus
        kalafuti","timestamp":"2013-03-08T02:49:09Z"},{"ns":0,"title":"Conus havanensis","timestamp":"2013-03-08T02:42:18Z"},{"ns":0,"title":"Conus
        henckesi","timestamp":"2013-03-08T02:42:46Z"},{"ns":0,"title":"Conus duffyi","timestamp":"2014-12-03T22:03:46Z"},{"ns":0,"title":"Conus
        kulkulcan","timestamp":"2013-03-08T02:51:51Z"},{"ns":0,"title":"Conus jacarusoi","timestamp":"2013-04-14T18:42:54Z"},{"ns":0,"title":"Calliotropis
        tiara","timestamp":"2013-12-23T08:06:08Z"},{"ns":0,"title":"Clio pyramidata","timestamp":"2015-02-21T08:34:09Z"},{"ns":0,"title":"Alvania
        jeffreysi","timestamp":"2015-01-03T07:02:19Z"},{"ns":0,"title":"Conus magellanicus","timestamp":"2013-03-08T03:03:37Z"},{"ns":0,"title":"Conus
        harlandi","timestamp":"2013-03-08T02:41:53Z"},{"ns":0,"title":"Solariella
        lacunella","timestamp":"2014-01-08T13:07:00Z"}]}}'
    http_version: 
  recorded_at: Wed, 25 Feb 2015 07:22:51 GMT
- request:
    method: get
    uri: http://en.wikipedia.org/w/api.php?action=query&continue=-%7C%7C&format=json&list=search&srinfo=totalhits&srlimit=50&srnamespace=0&sroffset=600&srprop=timestamp&srsearch=%2210.1371/journal.pone.0008776%22%20OR%20%22http://journals.plos.org/plosone/article?id=10.1371/journal.pone.0008776%22&srwhat=text
    body:
      encoding: US-ASCII
      string: ''
    headers:
      User-Agent:
      - Lagotto 3.17 - http://lagotto-bugfixes.local
      Accept:
      - application/json
  response:
    status:
      code: 200
      message: ''
    headers:
      Server:
      - Apache
      X-Powered-By:
      - HHVM/3.3.1
      Cache-Control:
      - private
      X-Content-Type-Options:
      - nosniff
      X-Frame-Options:
      - SAMEORIGIN
      Vary:
      - Accept-Encoding,X-Forwarded-Proto,Cookie
      Content-Type:
      - application/json; charset=utf-8
      X-Varnish:
      - 4173319371, 2770621124, 1390483050
      Via:
      - 1.1 varnish, 1.1 varnish, 1.1 varnish
      Date:
      - Wed, 25 Feb 2015 07:22:50 GMT
      Age:
      - '0'
      Connection:
      - keep-alive
      X-Cache:
      - cp1053 miss (0), amssq47 miss (0), amssq57 frontend miss (0)
      Set-Cookie:
      - GeoIP=DE:Hanover:52.3751:9.7094:v4; Path=/; Domain=.wikipedia.org:80
    body:
      encoding: UTF-8
      string: '{"continue":{"sroffset":650,"continue":"-||"},"batchcomplete":"","query":{"searchinfo":{"totalhits":678},"search":[{"ns":0,"title":"Conus
        hieroglyphus","timestamp":"2013-02-28T14:26:52Z"},{"ns":0,"title":"Ariadnaria
        borealis","timestamp":"2013-07-27T13:04:42Z"},{"ns":0,"title":"Solariella
        lacunella","timestamp":"2014-01-08T13:07:00Z"},{"ns":0,"title":"Conus magellanicus","timestamp":"2013-03-08T03:03:37Z"},{"ns":0,"title":"Conus
        harlandi","timestamp":"2013-03-08T02:41:53Z"},{"ns":0,"title":"Alvania jeffreysi","timestamp":"2015-01-03T07:02:19Z"},{"ns":0,"title":"Clio
        pyramidata","timestamp":"2015-02-21T08:34:09Z"},{"ns":0,"title":"Protatlanta
        souleyeti","timestamp":"2013-02-28T13:52:45Z"},{"ns":0,"title":"Fedikovella
        beanii","timestamp":"2013-03-08T02:43:10Z"},{"ns":0,"title":"Cavolinia tridentata","timestamp":"2013-04-07T03:52:14Z"},{"ns":0,"title":"Conus
        ortneri","timestamp":"2013-02-28T14:28:50Z"},{"ns":0,"title":"Conus lenhilli","timestamp":"2013-03-08T02:58:50Z"},{"ns":0,"title":"Onoba
        kergueleni","timestamp":"2015-01-02T20:01:38Z"},{"ns":0,"title":"Crepidula
        plana","timestamp":"2014-11-01T21:12:12Z"},{"ns":0,"title":"Conus venezuelanus","timestamp":"2013-03-08T03:01:14Z"},{"ns":0,"title":"Conus
        jourdani","timestamp":"2013-03-08T02:48:01Z"},{"ns":0,"title":"Conus stimpsoni","timestamp":"2013-04-07T08:58:16Z"},{"ns":0,"title":"Conus
        hennequini","timestamp":"2013-03-08T02:42:58Z"},{"ns":0,"title":"Conus leekremeri","timestamp":"2013-03-08T02:57:58Z"},{"ns":0,"title":"Conus
        aurantius","timestamp":"2013-03-08T02:46:10Z"},{"ns":0,"title":"Simnialena
        uniplicata","timestamp":"2013-03-08T13:42:40Z"},{"ns":0,"title":"Calliostoma
        brunneum","timestamp":"2013-12-23T07:50:50Z"},{"ns":0,"title":"Turbo cailletii","timestamp":"2014-10-10T03:14:16Z"},{"ns":0,"title":"Conus
        regius","timestamp":"2013-09-03T15:39:31Z"},{"ns":0,"title":"Conus richardbinghami","timestamp":"2013-03-08T03:01:57Z"},{"ns":0,"title":"Conus
        parascalaris","timestamp":"2013-03-08T02:48:43Z"},{"ns":0,"title":"Conus lightbourni","timestamp":"2013-03-08T03:00:07Z"},{"ns":0,"title":"Conus
        kevani","timestamp":"2013-03-08T02:49:51Z"},{"ns":0,"title":"Calliostoma cinctellum","timestamp":"2013-12-23T07:51:21Z"},{"ns":0,"title":"Cittarium
        pica","timestamp":"2014-06-20T09:59:38Z"},{"ns":0,"title":"Conus spurius","timestamp":"2013-04-07T08:58:09Z"},{"ns":0,"title":"Conus
        cuna","timestamp":"2013-03-08T02:41:40Z"},{"ns":0,"title":"Conus rainesae","timestamp":"2013-04-07T08:57:35Z"},{"ns":0,"title":"Conus
        poulosi","timestamp":"2013-03-08T02:51:53Z"},{"ns":0,"title":"Conus scopulorum","timestamp":"2013-03-08T02:43:08Z"},{"ns":0,"title":"Conus
        ritae","timestamp":"2013-03-08T03:02:37Z"},{"ns":0,"title":"Conus pacei","timestamp":"2013-03-08T02:47:37Z"},{"ns":0,"title":"Conus
        honkeri","timestamp":"2013-03-08T02:43:25Z"},{"ns":0,"title":"Conus kremerorum","timestamp":"2013-03-08T02:51:23Z"},{"ns":0,"title":"Conus
        velaensis","timestamp":"2013-03-08T03:00:59Z"},{"ns":0,"title":"Conus paulae","timestamp":"2013-03-08T02:49:23Z"},{"ns":0,"title":"Conus
        portobeloensis","timestamp":"2013-03-08T02:51:39Z"},{"ns":0,"title":"Conus
        rosalindensis","timestamp":"2013-03-08T03:03:06Z"},{"ns":0,"title":"Conus
        rachelae","timestamp":"2013-03-08T03:00:38Z"},{"ns":0,"title":"Conus flammeacolor","timestamp":"2013-03-08T02:57:59Z"},{"ns":0,"title":"Conus
        clerii","timestamp":"2013-03-08T03:04:53Z"},{"ns":0,"title":"Conus cardinalis","timestamp":"2013-04-07T08:54:26Z"},{"ns":0,"title":"Conus
        sennottorum","timestamp":"2014-12-03T22:00:14Z"},{"ns":0,"title":"Lunatia
        pallida","timestamp":"2013-11-17T18:55:57Z"},{"ns":0,"title":"Onchidiopsis
        corys","timestamp":"2013-03-08T15:04:16Z"}]}}'
    http_version: 
  recorded_at: Wed, 25 Feb 2015 07:22:52 GMT
- request:
    method: get
    uri: http://en.wikipedia.org/w/api.php?action=query&continue=-%7C%7C&format=json&list=search&srinfo=totalhits&srlimit=50&srnamespace=0&sroffset=650&srprop=timestamp&srsearch=%2210.1371/journal.pone.0008776%22%20OR%20%22http://journals.plos.org/plosone/article?id=10.1371/journal.pone.0008776%22&srwhat=text
    body:
      encoding: US-ASCII
      string: ''
    headers:
      User-Agent:
      - Lagotto 3.17 - http://lagotto-bugfixes.local
      Accept:
      - application/json
  response:
    status:
      code: 200
      message: ''
    headers:
      Server:
      - Apache
      X-Powered-By:
      - HHVM/3.3.1
      Cache-Control:
      - private
      X-Content-Type-Options:
      - nosniff
      X-Frame-Options:
      - SAMEORIGIN
      Vary:
      - Accept-Encoding,X-Forwarded-Proto,Cookie
      Content-Type:
      - application/json; charset=utf-8
      X-Varnish:
      - 3051082269, 2110639531, 1995115005
      Via:
      - 1.1 varnish, 1.1 varnish, 1.1 varnish
      Date:
      - Wed, 25 Feb 2015 07:22:50 GMT
      Age:
      - '0'
      Connection:
      - keep-alive
      X-Cache:
      - cp1052 miss (0), amssq39 miss (0), amssq32 frontend miss (0)
      Set-Cookie:
      - GeoIP=DE:Hanover:52.3751:9.7094:v4; Path=/; Domain=.wikipedia.org:80
    body:
      encoding: UTF-8
      string: '{"batchcomplete":"","query":{"searchinfo":{"totalhits":678},"search":[{"ns":0,"title":"Conus
        delessertii","timestamp":"2013-07-01T16:29:10Z"},{"ns":0,"title":"Conus sennottorum","timestamp":"2014-12-03T22:00:14Z"},{"ns":0,"title":"Conus
        eversoni","timestamp":"2014-12-03T22:03:08Z"},{"ns":0,"title":"Scotch bonnet
        (sea snail)","timestamp":"2014-07-24T08:02:44Z"},{"ns":0,"title":"Conus zylmanae","timestamp":"2013-04-15T05:31:30Z"},{"ns":0,"title":"Conus
        sunderlandi","timestamp":"2013-02-28T14:30:31Z"},{"ns":0,"title":"Conus pusio","timestamp":"2013-02-28T14:29:26Z"},{"ns":0,"title":"Conus
        patae","timestamp":"2013-04-14T18:52:56Z"},{"ns":0,"title":"Conus penchaszadehi","timestamp":"2013-03-08T02:49:50Z"},{"ns":0,"title":"Conus
        bayeri","timestamp":"2013-03-08T02:49:15Z"},{"ns":0,"title":"Atlanta brunnea","timestamp":"2013-03-08T15:24:26Z"},{"ns":0,"title":"Conus
        villepinii","timestamp":"2014-05-02T14:58:26Z"},{"ns":0,"title":"Conus philippii","timestamp":"2013-02-28T14:29:02Z"},{"ns":0,"title":"Conus
        brunneofilaris","timestamp":"2013-03-08T02:59:57Z"},{"ns":0,"title":"Conus
        bessei","timestamp":"2013-03-08T02:50:47Z"},{"ns":0,"title":"Artemidiconus
        selenae","timestamp":"2013-04-14T10:50:44Z"},{"ns":0,"title":"Conus rosemaryae","timestamp":"2013-03-08T03:03:20Z"},{"ns":0,"title":"Conus
        ceruttii","timestamp":"2014-12-03T22:04:15Z"},{"ns":0,"title":"Conus attenuatus","timestamp":"2013-04-07T08:53:43Z"},{"ns":0,"title":"Conus
        cancellatus","timestamp":"2013-04-07T08:54:18Z"},{"ns":0,"title":"Lobatus
        goliath","timestamp":"2014-11-02T08:29:25Z"},{"ns":0,"title":"Atlanta lesueurii","timestamp":"2014-05-21T21:39:46Z"},{"ns":0,"title":"Conus
        glicksteini","timestamp":"2013-04-07T08:55:40Z"},{"ns":0,"title":"Conus sahlbergi","timestamp":"2013-03-08T02:39:25Z"},{"ns":0,"title":"Conus
        pseudaurantius","timestamp":"2013-03-08T02:58:27Z"},{"ns":0,"title":"Eudolium
        bairdii","timestamp":"2013-04-09T18:01:54Z"},{"ns":0,"title":"Littorina saxatilis","timestamp":"2014-02-06T23:41:02Z"},{"ns":0,"title":"Lobatus
        gigas","timestamp":"2015-01-18T05:13:52Z"}]}}'
    http_version: 
  recorded_at: Wed, 25 Feb 2015 07:22:52 GMT
recorded_with: VCR 2.9.3
