---
http_interactions:
- request:
    method: get
    uri: http://doi.crossref.org/doiRA/10.1371/JOURNAL.PMED.0030186
    body:
      encoding: US-ASCII
      string: ''
    headers:
      User-Agent:
      - Lagotto - http://lagotto-5-0-unstable.local
      Accept:
      - application/json
  response:
    status:
      code: 200
      message: ''
    headers:
      Server:
      - Apache-Coyote/1.1
      Content-Type:
      - application/json;charset=UTF-8
      Content-Language:
      - en-US
      Content-Length:
      - '66'
      Date:
      - Mon, 22 Feb 2016 18:46:18 GMT
      Connection:
      - close
    body:
      encoding: UTF-8
      string: |-
        [
         {
         "DOI": "10.1371/JOURNAL.PMED.0030186",
         "RA": "CrossRef"
        }
        ]
    http_version: 
  recorded_at: Mon, 22 Feb 2016 18:46:19 GMT
- request:
    method: get
    uri: http://api.crossref.org/works/10.1371%2FJOURNAL.PMED.0030186
    body:
      encoding: US-ASCII
      string: ''
    headers:
      User-Agent:
      - Lagotto - http://lagotto-5-0-unstable.local
      Accept:
      - application/json
  response:
    status:
      code: 404
      message: ''
    headers:
      Date:
      - Mon, 22 Feb 2016 18:46:19 GMT
      Connection:
      - close
      Content-Type:
      - text/html;charset=utf-8
      X-Cascade:
      - pass
      Access-Control-Allow-Origin:
      - "*"
      Content-Length:
      - '508'
      Set-Cookie:
      - rack.session=59ab6a223b2aacbdcca8cb9688333093f9288e0816f1fbcbd02ca8e7632bf94b;
        path=/; HttpOnly
      X-Xss-Protection:
      - 1; mode=block
      X-Content-Type-Options:
      - nosniff
      X-Frame-Options:
      - SAMEORIGIN
    body:
      encoding: UTF-8
      string: |
        <!DOCTYPE html>
        <html>
        <head>
          <style type="text/css">
          body { text-align:center;font-family:helvetica,arial;font-size:22px;
            color:#888;margin:20px}
          #c {margin:0 auto;width:500px;text-align:left}
          </style>
        </head>
        <body>
          <h2>Sinatra doesn&rsquo;t know this ditty.</h2>
          <img src='http://api.crossref.org/__sinatra__/404.png'>
          <div id="c">
            Try this:
            <pre>get &#x27;&#x2F;works&#x2F;10.1371&#x2F;JOURNAL.PMED.0030186&#x27; do
          &quot;Hello World&quot;
        end
        </pre>
          </div>
        </body>
        </html>
    http_version: 
  recorded_at: Mon, 22 Feb 2016 18:46:19 GMT
- request:
    method: get
    uri: http://doi.crossref.org/doiRA/10.1371/JOURNAL.PMED.0030186
    body:
      encoding: US-ASCII
      string: ''
    headers:
      User-Agent:
      - Lagotto - http://lagotto-5-0-unstable.local
      Accept:
      - application/json
  response:
    status:
      code: 200
      message: ''
    headers:
      Server:
      - Apache-Coyote/1.1
      Content-Type:
      - application/json;charset=UTF-8
      Content-Language:
      - en-US
      Content-Length:
      - '66'
      Date:
      - Mon, 22 Feb 2016 18:46:19 GMT
      Connection:
      - close
    body:
      encoding: UTF-8
      string: |-
        [
         {
         "DOI": "10.1371/JOURNAL.PMED.0030186",
         "RA": "CrossRef"
        }
        ]
    http_version: 
  recorded_at: Mon, 22 Feb 2016 18:46:20 GMT
- request:
    method: get
    uri: http://api.crossref.org/works/10.1371%2FJOURNAL.PMED.0030186
    body:
      encoding: US-ASCII
      string: ''
    headers:
      User-Agent:
      - Lagotto - http://lagotto-5-0-unstable.local
      Accept:
      - application/json
  response:
    status:
      code: 404
      message: ''
    headers:
      Date:
      - Mon, 22 Feb 2016 18:46:20 GMT
      Connection:
      - close
      Content-Type:
      - text/html;charset=utf-8
      X-Cascade:
      - pass
      Access-Control-Allow-Origin:
      - "*"
      Content-Length:
      - '508'
      Set-Cookie:
      - rack.session=ad6d8b1a5f727187bd15ed790abe602d83ed68624fef8e19b601827fe071eee0;
        path=/; HttpOnly
      X-Xss-Protection:
      - 1; mode=block
      X-Content-Type-Options:
      - nosniff
      X-Frame-Options:
      - SAMEORIGIN
    body:
      encoding: UTF-8
      string: |
        <!DOCTYPE html>
        <html>
        <head>
          <style type="text/css">
          body { text-align:center;font-family:helvetica,arial;font-size:22px;
            color:#888;margin:20px}
          #c {margin:0 auto;width:500px;text-align:left}
          </style>
        </head>
        <body>
          <h2>Sinatra doesn&rsquo;t know this ditty.</h2>
          <img src='http://api.crossref.org/__sinatra__/404.png'>
          <div id="c">
            Try this:
            <pre>get &#x27;&#x2F;works&#x2F;10.1371&#x2F;JOURNAL.PMED.0030186&#x27; do
          &quot;Hello World&quot;
        end
        </pre>
          </div>
        </body>
        </html>
    http_version: 
  recorded_at: Mon, 22 Feb 2016 18:46:20 GMT
recorded_with: VCR 2.9.3
